Archive member included to satisfy reference by file (symbol)

C:/ST/STM32CubeIDE_1.15.1/STM32CubeIDE/plugins/com.st.stm32cube.ide.mcu.externaltools.gnu-tools-for-stm32.12.3.rel1.win32_1.0.100.202403111256/tools/bin/../lib/gcc/arm-none-eabi/12.3.1/../../../../arm-none-eabi/lib/thumb/v7-m/nofp\libc_nano.a(libc_a-exit.o)
                              C:/ST/STM32CubeIDE_1.15.1/STM32CubeIDE/plugins/com.st.stm32cube.ide.mcu.externaltools.gnu-tools-for-stm32.12.3.rel1.win32_1.0.100.202403111256/tools/bin/../lib/gcc/arm-none-eabi/12.3.1/../../../../arm-none-eabi/lib/thumb/v7-m/nofp/crt0.o (exit)
C:/ST/STM32CubeIDE_1.15.1/STM32CubeIDE/plugins/com.st.stm32cube.ide.mcu.externaltools.gnu-tools-for-stm32.12.3.rel1.win32_1.0.100.202403111256/tools/bin/../lib/gcc/arm-none-eabi/12.3.1/../../../../arm-none-eabi/lib/thumb/v7-m/nofp\libc_nano.a(libc_a-findfp.o)
                              C:/ST/STM32CubeIDE_1.15.1/STM32CubeIDE/plugins/com.st.stm32cube.ide.mcu.externaltools.gnu-tools-for-stm32.12.3.rel1.win32_1.0.100.202403111256/tools/bin/../lib/gcc/arm-none-eabi/12.3.1/../../../../arm-none-eabi/lib/thumb/v7-m/nofp\libc_nano.a(libc_a-exit.o) (__stdio_exit_handler)
C:/ST/STM32CubeIDE_1.15.1/STM32CubeIDE/plugins/com.st.stm32cube.ide.mcu.externaltools.gnu-tools-for-stm32.12.3.rel1.win32_1.0.100.202403111256/tools/bin/../lib/gcc/arm-none-eabi/12.3.1/../../../../arm-none-eabi/lib/thumb/v7-m/nofp\libc_nano.a(libc_a-fwalk.o)
                              C:/ST/STM32CubeIDE_1.15.1/STM32CubeIDE/plugins/com.st.stm32cube.ide.mcu.externaltools.gnu-tools-for-stm32.12.3.rel1.win32_1.0.100.202403111256/tools/bin/../lib/gcc/arm-none-eabi/12.3.1/../../../../arm-none-eabi/lib/thumb/v7-m/nofp\libc_nano.a(libc_a-findfp.o) (_fwalk_sglue)
C:/ST/STM32CubeIDE_1.15.1/STM32CubeIDE/plugins/com.st.stm32cube.ide.mcu.externaltools.gnu-tools-for-stm32.12.3.rel1.win32_1.0.100.202403111256/tools/bin/../lib/gcc/arm-none-eabi/12.3.1/../../../../arm-none-eabi/lib/thumb/v7-m/nofp\libc_nano.a(libc_a-stdio.o)
                              C:/ST/STM32CubeIDE_1.15.1/STM32CubeIDE/plugins/com.st.stm32cube.ide.mcu.externaltools.gnu-tools-for-stm32.12.3.rel1.win32_1.0.100.202403111256/tools/bin/../lib/gcc/arm-none-eabi/12.3.1/../../../../arm-none-eabi/lib/thumb/v7-m/nofp\libc_nano.a(libc_a-findfp.o) (__sread)
C:/ST/STM32CubeIDE_1.15.1/STM32CubeIDE/plugins/com.st.stm32cube.ide.mcu.externaltools.gnu-tools-for-stm32.12.3.rel1.win32_1.0.100.202403111256/tools/bin/../lib/gcc/arm-none-eabi/12.3.1/../../../../arm-none-eabi/lib/thumb/v7-m/nofp\libc_nano.a(libc_a-memset.o)
                              C:/ST/STM32CubeIDE_1.15.1/STM32CubeIDE/plugins/com.st.stm32cube.ide.mcu.externaltools.gnu-tools-for-stm32.12.3.rel1.win32_1.0.100.202403111256/tools/bin/../lib/gcc/arm-none-eabi/12.3.1/../../../../arm-none-eabi/lib/thumb/v7-m/nofp/crt0.o (memset)
C:/ST/STM32CubeIDE_1.15.1/STM32CubeIDE/plugins/com.st.stm32cube.ide.mcu.externaltools.gnu-tools-for-stm32.12.3.rel1.win32_1.0.100.202403111256/tools/bin/../lib/gcc/arm-none-eabi/12.3.1/../../../../arm-none-eabi/lib/thumb/v7-m/nofp\libc_nano.a(libc_a-closer.o)
                              C:/ST/STM32CubeIDE_1.15.1/STM32CubeIDE/plugins/com.st.stm32cube.ide.mcu.externaltools.gnu-tools-for-stm32.12.3.rel1.win32_1.0.100.202403111256/tools/bin/../lib/gcc/arm-none-eabi/12.3.1/../../../../arm-none-eabi/lib/thumb/v7-m/nofp\libc_nano.a(libc_a-stdio.o) (_close_r)
C:/ST/STM32CubeIDE_1.15.1/STM32CubeIDE/plugins/com.st.stm32cube.ide.mcu.externaltools.gnu-tools-for-stm32.12.3.rel1.win32_1.0.100.202403111256/tools/bin/../lib/gcc/arm-none-eabi/12.3.1/../../../../arm-none-eabi/lib/thumb/v7-m/nofp\libc_nano.a(libc_a-reent.o)
                              C:/ST/STM32CubeIDE_1.15.1/STM32CubeIDE/plugins/com.st.stm32cube.ide.mcu.externaltools.gnu-tools-for-stm32.12.3.rel1.win32_1.0.100.202403111256/tools/bin/../lib/gcc/arm-none-eabi/12.3.1/../../../../arm-none-eabi/lib/thumb/v7-m/nofp\libc_nano.a(libc_a-closer.o) (errno)
C:/ST/STM32CubeIDE_1.15.1/STM32CubeIDE/plugins/com.st.stm32cube.ide.mcu.externaltools.gnu-tools-for-stm32.12.3.rel1.win32_1.0.100.202403111256/tools/bin/../lib/gcc/arm-none-eabi/12.3.1/../../../../arm-none-eabi/lib/thumb/v7-m/nofp\libc_nano.a(libc_a-impure.o)
                              C:/ST/STM32CubeIDE_1.15.1/STM32CubeIDE/plugins/com.st.stm32cube.ide.mcu.externaltools.gnu-tools-for-stm32.12.3.rel1.win32_1.0.100.202403111256/tools/bin/../lib/gcc/arm-none-eabi/12.3.1/../../../../arm-none-eabi/lib/thumb/v7-m/nofp\libc_nano.a(libc_a-reent.o) (_impure_ptr)
C:/ST/STM32CubeIDE_1.15.1/STM32CubeIDE/plugins/com.st.stm32cube.ide.mcu.externaltools.gnu-tools-for-stm32.12.3.rel1.win32_1.0.100.202403111256/tools/bin/../lib/gcc/arm-none-eabi/12.3.1/../../../../arm-none-eabi/lib/thumb/v7-m/nofp\libc_nano.a(libc_a-lseekr.o)
[...]
Memory Configuration

Name             Origin             Length             Attributes
RAM              0x20000000         0x00010000         xrw
FLASH            0x08000000         0x00080000         xr
*default*        0x00000000         0xffffffff

Linker script and memory map

LOAD C:/ST/STM32CubeIDE_1.15.1/STM32CubeIDE/plugins/com.st.stm32cube.ide.mcu.externaltools.gnu-tools-for-stm32.12.3.rel1.win32_1.0.100.202403111256/tools/bin/../lib/gcc/arm-none-eabi/12.3.1/thumb/v7-m/nofp/crti.o
LOAD C:/ST/STM32CubeIDE_1.15.1/STM32CubeIDE/plugins/com.st.stm32cube.ide.mcu.externaltools.gnu-tools-for-stm32.12.3.rel1.win32_1.0.100.202403111256/tools/bin/../lib/gcc/arm-none-eabi/12.3.1/thumb/v7-m/nofp/crtbegin.o
LOAD C:/ST/STM32CubeIDE_1.15.1/STM32CubeIDE/plugins/com.st.stm32cube.ide.mcu.externaltools.gnu-tools-for-stm32.12.3.rel1.win32_1.0.100.202403111256/tools/bin/../lib/gcc/arm-none-eabi/12.3.1/../../../../arm-none-eabi/lib/thumb/v7-m/nofp/crt0.o
LOAD ./Core/Src/main.o
LOAD ./Core/Src/read.o
LOAD ./Core/Src/stm32f1xx_hal_msp.o
LOAD ./Core/Src/stm32f1xx_it.o
LOAD ./Core/Src/syscalls.o
LOAD ./Core/Src/sysmem.o
LOAD ./Core/Src/system_stm32f1xx.o
LOAD ./Core/Startup/startup_stm32f103vetx.o
LOAD ./Drivers/STM32F1xx_HAL_Driver/Src/stm32f1xx_hal.o
LOAD ./Drivers/STM32F1xx_HAL_Driver/Src/stm32f1xx_hal_cortex.o
LOAD ./Drivers/STM32F1xx_HAL_Driver/Src/stm32f1xx_hal_dma.o
LOAD ./Drivers/STM32F1xx_HAL_Driver/Src/stm32f1xx_hal_exti.o
LOAD ./Drivers/STM32F1xx_HAL_Driver/Src/stm32f1xx_hal_flash.o
LOAD ./Drivers/STM32F1xx_HAL_Driver/Src/stm32f1xx_hal_flash_ex.o
LOAD ./Drivers/STM32F1xx_HAL_Driver/Src/stm32f1xx_hal_gpio.o
LOAD ./Drivers/STM32F1xx_HAL_Driver/Src/stm32f1xx_hal_gpio_ex.o
LOAD ./Drivers/STM32F1xx_HAL_Driver/Src/stm32f1xx_hal_pwr.o
LOAD ./Drivers/STM32F1xx_HAL_Driver/Src/stm32f1xx_hal_rcc.o
LOAD ./Drivers/STM32F1xx_HAL_Driver/Src/stm32f1xx_hal_rcc_ex.o
LOAD ./Drivers/STM32F1xx_HAL_Driver/Src/stm32f1xx_hal_tim.o
LOAD ./Drivers/STM32F1xx_HAL_Driver/Src/stm32f1xx_hal_tim_ex.o
LOAD ./Drivers/STM32F1xx_HAL_Driver/Src/stm32f1xx_hal_uart.o
START GROUP
LOAD C:/ST/STM32CubeIDE_1.15.1/STM32CubeIDE/plugins/com.st.stm32cube.ide.mcu.externaltools.gnu-tools-for-stm32.12.3.rel1.win32_1.0.100.202403111256/tools/bin/../lib/gcc/arm-none-eabi/12.3.1/../../../../arm-none-eabi/lib/thumb/v7-m/nofp\libc_nano.a
LOAD C:/ST/STM32CubeIDE_1.15.1/STM32CubeIDE/plugins/com.st.stm32cube.ide.mcu.externaltools.gnu-tools-for-stm32.12.3.rel1.win32_1.0.100.202403111256/tools/bin/../lib/gcc/arm-none-eabi/12.3.1/../../../../arm-none-eabi/lib/thumb/v7-m/nofp\libm.a
END GROUP
START GROUP
LOAD C:/ST/STM32CubeIDE_1.15.1/STM32CubeIDE/plugins/com.st.stm32cube.ide.mcu.externaltools.gnu-tools-for-stm32.12.3.rel1.win32_1.0.100.202403111256/tools/bin/../lib/gcc/arm-none-eabi/12.3.1/thumb/v7-m/nofp\libgcc.a
LOAD C:/ST/STM32CubeIDE_1.15.1/STM32CubeIDE/plugins/com.st.stm32cube.ide.mcu.externaltools.gnu-tools-for-stm32.12.3.rel1.win32_1.0.100.202403111256/tools/bin/../lib/gcc/arm-none-eabi/12.3.1/../../../../arm-none-eabi/lib/thumb/v7-m/nofp\libc_nano.a
END GROUP
START GROUP
LOAD C:/ST/STM32CubeIDE_1.15.1/STM32CubeIDE/plugins/com.st.stm32cube.ide.mcu.externaltools.gnu-tools-for-stm32.12.3.rel1.win32_1.0.100.202403111256/tools/bin/../lib/gcc/arm-none-eabi/12.3.1/thumb/v7-m/nofp\libgcc.a
LOAD C:/ST/STM32CubeIDE_1.15.1/STM32CubeIDE/plugins/com.st.stm32cube.ide.mcu.externaltools.gnu-tools-for-stm32.12.3.rel1.win32_1.0.100.202403111256/tools/bin/../lib/gcc/arm-none-eabi/12.3.1/../../../../arm-none-eabi/lib/thumb/v7-m/nofp\libc_nano.a
LOAD C:/ST/STM32CubeIDE_1.15.1/STM32CubeIDE/plugins/com.st.stm32cube.ide.mcu.externaltools.gnu-tools-for-stm32.12.3.rel1.win32_1.0.100.202403111256/tools/bin/../lib/gcc/arm-none-eabi/12.3.1/../../../../arm-none-eabi/lib/thumb/v7-m/nofp\libnosys.a
END GROUP
START GROUP
LOAD C:/ST/STM32CubeIDE_1.15.1/STM32CubeIDE/plugins/com.st.stm32cube.ide.mcu.externaltools.gnu-tools-for-stm32.12.3.rel1.win32_1.0.100.202403111256/tools/bin/../lib/gcc/arm-none-eabi/12.3.1/thumb/v7-m/nofp\libgcc.a
LOAD C:/ST/STM32CubeIDE_1.15.1/STM32CubeIDE/plugins/com.st.stm32cube.ide.mcu.externaltools.gnu-tools-for-stm32.12.3.rel1.win32_1.0.100.202403111256/tools/bin/../lib/gcc/arm-none-eabi/12.3.1/../../../../arm-none-eabi/lib/thumb/v7-m/nofp\libc_nano.a
LOAD C:/ST/STM32CubeIDE_1.15.1/STM32CubeIDE/plugins/com.st.stm32cube.ide.mcu.externaltools.gnu-tools-for-stm32.12.3.rel1.win32_1.0.100.202403111256/tools/bin/../lib/gcc/arm-none-eabi/12.3.1/../../../../arm-none-eabi/lib/thumb/v7-m/nofp\libnosys.a
END GROUP
LOAD C:/ST/STM32CubeIDE_1.15.1/STM32CubeIDE/plugins/com.st.stm32cube.ide.mcu.externaltools.gnu-tools-for-stm32.12.3.rel1.win32_1.0.100.202403111256/tools/bin/../lib/gcc/arm-none-eabi/12.3.1/thumb/v7-m/nofp/crtend.o
LOAD C:/ST/STM32CubeIDE_1.15.1/STM32CubeIDE/plugins/com.st.stm32cube.ide.mcu.externaltools.gnu-tools-for-stm32.12.3.rel1.win32_1.0.100.202403111256/tools/bin/../lib/gcc/arm-none-eabi/12.3.1/thumb/v7-m/nofp/crtn.o
                0x20010000                        _estack = (ORIGIN (RAM) + LENGTH (RAM))
                0x00000200                        _Min_Heap_Size = 0x200
                0x00000400                        _Min_Stack_Size = 0x400

.isr_vector     0x08000000      0x1e4
                0x08000000                        . = ALIGN (0x4)
 *(.isr_vector)
 .isr_vector    0x08000000      0x1e4 ./Core/Startup/startup_stm32f103vetx.o
                0x08000000                g_pfnVectors
                0x080001e4                        . = ALIGN (0x4)

.text           0x080001e4     0x45b0
                0x080001e4                        . = ALIGN (0x4)
 *(.text)
 .text          0x080001e4       0x40 C:/ST/STM32CubeIDE_1.15.1/STM32CubeIDE/plugins/com.st.stm32cube.ide.mcu.externaltools.gnu-tools-for-stm32.12.3.rel1.win32_1.0.100.202403111256/tools/bin/../lib/gcc/arm-none-eabi/12.3.1/thumb/v7-m/nofp/crtbegin.o
 *(.text*)
 .text.HAL_GPIO_EXTI_Callback
                0x08000224       0xf6 ./Core/Src/main.o
                0x08000224                HAL_GPIO_EXTI_Callback
 *fill*         0x0800031a        0x2 
 .text.main     0x0800031c       0x7c ./Core/Src/main.o
                0x0800031c                main
 .text.SystemClock_Config
                0x08000398       0x8a ./Core/Src/main.o
                0x08000398                SystemClock_Config
 *fill*         0x08000422        0x2 
 .text.MX_TIM1_Init
                0x08000424       0xa0 ./Core/Src/main.o
 .text.MX_TIM2_Init
                0x080004c4      0x118 ./Core/Src/main.o
 .text.MX_TIM3_Init
                0x080005dc      0x118 ./Core/Src/main.o
 .text.MX_TIM6_Init
                0x080006f4       0x6c ./Core/Src/main.o
 .text.MX_USART1_UART_Init
                0x08000760       0x54 ./Core/Src/main.o
 .text.MX_GPIO_Init
                0x080007b4      0x254 ./Core/Src/main.o
 .text.Error_Handler
                0x08000a08        0xc ./Core/Src/main.o
                0x08000a08                Error_Handler
 .text.map      0x08000a14       0x4a ./Core/Src/read.o
                0x08000a14                map
 .text.media_filter
                0x08000a5e       0xc2 ./Core/Src/read.o
                0x08000a5e                media_filter
 .text.read_pwm
                0x08000b20      0xd64 ./Core/Src/read.o
                0x08000b20                read_pwm
 .text.convert  0x08001884      0x29c ./Core/Src/read.o
                0x08001884                convert
 .text.direction
                0x08001b20       0xc8 ./Core/Src/read.o
                0x08001b20                direction
 .text.Status_SS
                0x08001be8      0x568 ./Core/Src/read.o
                0x08001be8                Status_SS
 .text.control  0x08002150      0x414 ./Core/Src/read.o
                0x08002150                control
 .text.HAL_MspInit
                0x08002564       0x64 ./Core/Src/stm32f1xx_hal_msp.o
                0x08002564                HAL_MspInit
 .text.HAL_TIM_Base_MspInit
                0x080025c8       0xb0 ./Core/Src/stm32f1xx_hal_msp.o
                0x080025c8                HAL_TIM_Base_MspInit
 .text.HAL_TIM_MspPostInit
                0x08002678       0xd4 ./Core/Src/stm32f1xx_hal_msp.o
                0x08002678                HAL_TIM_MspPostInit
 .text.HAL_UART_MspInit
                0x0800274c       0x98 ./Core/Src/stm32f1xx_hal_msp.o
                0x0800274c                HAL_UART_MspInit
 .text.NMI_Handler
                0x080027e4        0x8 ./Core/Src/stm32f1xx_it.o
                0x080027e4                NMI_Handler
 .text.HardFault_Handler
                0x080027ec        0x8 ./Core/Src/stm32f1xx_it.o
                0x080027ec                HardFault_Handler
 .text.MemManage_Handler
                0x080027f4        0x8 ./Core/Src/stm32f1xx_it.o
                0x080027f4                MemManage_Handler
 .text.BusFault_Handler
                0x080027fc        0x8 ./Core/Src/stm32f1xx_it.o
                0x080027fc                BusFault_Handler
 .text.UsageFault_Handler
                0x08002804        0x8 ./Core/Src/stm32f1xx_it.o
                0x08002804                UsageFault_Handler
 .text.SVC_Handler
                0x0800280c        0xc ./Core/Src/stm32f1xx_it.o
                0x0800280c                SVC_Handler
 .text.DebugMon_Handler
                0x08002818        0xc ./Core/Src/stm32f1xx_it.o
                0x08002818                DebugMon_Handler
 .text.PendSV_Handler
                0x08002824        0xc ./Core/Src/stm32f1xx_it.o
                0x08002824                PendSV_Handler
 .text.SysTick_Handler
                0x08002830        0xc ./Core/Src/stm32f1xx_it.o
                0x08002830                SysTick_Handler
 .text.EXTI0_IRQHandler
                0x0800283c        0xe ./Core/Src/stm32f1xx_it.o
                0x0800283c                EXTI0_IRQHandler
 .text.EXTI2_IRQHandler
                0x0800284a        0xe ./Core/Src/stm32f1xx_it.o
                0x0800284a                EXTI2_IRQHandler
 .text.EXTI3_IRQHandler
                0x08002858        0xe ./Core/Src/stm32f1xx_it.o
                0x08002858                EXTI3_IRQHandler
 .text.EXTI4_IRQHandler
                0x08002866        0xe ./Core/Src/stm32f1xx_it.o
                0x08002866                EXTI4_IRQHandler
 .text.EXTI9_5_IRQHandler
                0x08002874       0x2a ./Core/Src/stm32f1xx_it.o
                0x08002874                EXTI9_5_IRQHandler
 .text.EXTI15_10_IRQHandler
                0x0800289e       0x38 ./Core/Src/stm32f1xx_it.o
                0x0800289e                EXTI15_10_IRQHandler
 .text.SystemInit
                0x080028d6        0xc ./Core/Src/system_stm32f1xx.o
                0x080028d6                SystemInit
 *fill*         0x080028e2        0x2 
 .text.Reset_Handler
                0x080028e4       0x48 ./Core/Startup/startup_stm32f103vetx.o
                0x080028e4                Reset_Handler
 .text.Default_Handler
                0x0800292c        0x2 ./Core/Startup/startup_stm32f103vetx.o
                0x0800292c                RTC_Alarm_IRQHandler
                0x0800292c                TIM8_TRG_COM_IRQHandler
                0x0800292c                TIM8_CC_IRQHandler
                0x0800292c                TIM1_CC_IRQHandler
                0x0800292c                TIM6_IRQHandler
                0x0800292c                PVD_IRQHandler
                0x0800292c                SDIO_IRQHandler
                0x0800292c                I2C2_EV_IRQHandler
                0x0800292c                ADC1_2_IRQHandler
                0x0800292c                SPI1_IRQHandler
                0x0800292c                TAMPER_IRQHandler
                0x0800292c                TIM8_UP_IRQHandler
                0x0800292c                DMA2_Channel2_IRQHandler
                0x0800292c                DMA1_Channel4_IRQHandler
                0x0800292c                USART3_IRQHandler
                0x0800292c                RTC_IRQHandler
                0x0800292c                DMA1_Channel7_IRQHandler
                0x0800292c                CAN1_RX1_IRQHandler
                0x0800292c                UART5_IRQHandler
                0x0800292c                ADC3_IRQHandler
                0x0800292c                TIM4_IRQHandler
                0x0800292c                DMA2_Channel1_IRQHandler
                0x0800292c                I2C1_EV_IRQHandler
                0x0800292c                DMA1_Channel6_IRQHandler
                0x0800292c                UART4_IRQHandler
                0x0800292c                TIM3_IRQHandler
                0x0800292c                RCC_IRQHandler
                0x0800292c                TIM1_TRG_COM_IRQHandler
                0x0800292c                DMA1_Channel1_IRQHandler
                0x0800292c                Default_Handler
                0x0800292c                TIM7_IRQHandler
                0x0800292c                TIM5_IRQHandler
                0x0800292c                SPI2_IRQHandler
                0x0800292c                DMA1_Channel5_IRQHandler
                0x0800292c                USB_LP_CAN1_RX0_IRQHandler
                0x0800292c                USB_HP_CAN1_TX_IRQHandler
                0x0800292c                DMA1_Channel3_IRQHandler
                0x0800292c                FSMC_IRQHandler
                0x0800292c                TIM1_UP_IRQHandler
                0x0800292c                WWDG_IRQHandler
                0x0800292c                TIM2_IRQHandler
                0x0800292c                TIM1_BRK_IRQHandler
                0x0800292c                EXTI1_IRQHandler
                0x0800292c                DMA2_Channel4_5_IRQHandler
                0x0800292c                USART2_IRQHandler
                0x0800292c                I2C2_ER_IRQHandler
                0x0800292c                DMA1_Channel2_IRQHandler
                0x0800292c                TIM8_BRK_IRQHandler
                0x0800292c                CAN1_SCE_IRQHandler
                0x0800292c                FLASH_IRQHandler
                0x0800292c                USART1_IRQHandler
                0x0800292c                SPI3_IRQHandler
                0x0800292c                I2C1_ER_IRQHandler
                0x0800292c                USBWakeUp_IRQHandler
                0x0800292c                DMA2_Channel3_IRQHandler
 *fill*         0x0800292e        0x2 
 .text.HAL_Init
                0x08002930       0x2c ./Drivers/STM32F1xx_HAL_Driver/Src/stm32f1xx_hal.o
                0x08002930                HAL_Init
 .text.HAL_InitTick
                0x0800295c       0x60 ./Drivers/STM32F1xx_HAL_Driver/Src/stm32f1xx_hal.o
                0x0800295c                HAL_InitTick
 .text.HAL_IncTick
                0x080029bc       0x24 ./Drivers/STM32F1xx_HAL_Driver/Src/stm32f1xx_hal.o
                0x080029bc                HAL_IncTick
 .text.HAL_GetTick
                0x080029e0       0x14 ./Drivers/STM32F1xx_HAL_Driver/Src/stm32f1xx_hal.o
                0x080029e0                HAL_GetTick
 .text.HAL_Delay
                0x080029f4       0x48 ./Drivers/STM32F1xx_HAL_Driver/Src/stm32f1xx_hal.o
                0x080029f4                HAL_Delay
 .text.__NVIC_SetPriorityGrouping
                0x08002a3c       0x48 ./Drivers/STM32F1xx_HAL_Driver/Src/stm32f1xx_hal_cortex.o
 .text.__NVIC_GetPriorityGrouping
                0x08002a84       0x1c ./Drivers/STM32F1xx_HAL_Driver/Src/stm32f1xx_hal_cortex.o
 .text.__NVIC_EnableIRQ
                0x08002aa0       0x38 ./Drivers/STM32F1xx_HAL_Driver/Src/stm32f1xx_hal_cortex.o
 .text.__NVIC_SetPriority
                0x08002ad8       0x54 ./Drivers/STM32F1xx_HAL_Driver/Src/stm32f1xx_hal_cortex.o
 .text.NVIC_EncodePriority
                0x08002b2c       0x64 ./Drivers/STM32F1xx_HAL_Driver/Src/stm32f1xx_hal_cortex.o
 .text.SysTick_Config
                0x08002b90       0x44 ./Drivers/STM32F1xx_HAL_Driver/Src/stm32f1xx_hal_cortex.o
 .text.HAL_NVIC_SetPriorityGrouping
                0x08002bd4       0x16 ./Drivers/STM32F1xx_HAL_Driver/Src/stm32f1xx_hal_cortex.o
                0x08002bd4                HAL_NVIC_SetPriorityGrouping
 .text.HAL_NVIC_SetPriority
                0x08002bea       0x38 ./Drivers/STM32F1xx_HAL_Driver/Src/stm32f1xx_hal_cortex.o
                0x08002bea                HAL_NVIC_SetPriority
 .text.HAL_NVIC_EnableIRQ
                0x08002c22       0x1c ./Drivers/STM32F1xx_HAL_Driver/Src/stm32f1xx_hal_cortex.o
                0x08002c22                HAL_NVIC_EnableIRQ
 .text.HAL_SYSTICK_Config
                0x08002c3e       0x18 ./Drivers/STM32F1xx_HAL_Driver/Src/stm32f1xx_hal_cortex.o
                0x08002c3e                HAL_SYSTICK_Config
 *fill*         0x08002c56        0x2 
 .text.HAL_GPIO_Init
                0x08002c58      0x328 ./Drivers/STM32F1xx_HAL_Driver/Src/stm32f1xx_hal_gpio.o
                0x08002c58                HAL_GPIO_Init
 .text.HAL_GPIO_ReadPin
                0x08002f80       0x2e ./Drivers/STM32F1xx_HAL_Driver/Src/stm32f1xx_hal_gpio.o
                0x08002f80                HAL_GPIO_ReadPin
 .text.HAL_GPIO_WritePin
                0x08002fae       0x30 ./Drivers/STM32F1xx_HAL_Driver/Src/stm32f1xx_hal_gpio.o
                0x08002fae                HAL_GPIO_WritePin
 *fill*         0x08002fde        0x2 
 .text.HAL_GPIO_EXTI_IRQHandler
                0x08002fe0       0x30 ./Drivers/STM32F1xx_HAL_Driver/Src/stm32f1xx_hal_gpio.o
                0x08002fe0                HAL_GPIO_EXTI_IRQHandler
 .text.HAL_RCC_OscConfig
                0x08003010      0x504 ./Drivers/STM32F1xx_HAL_Driver/Src/stm32f1xx_hal_rcc.o
                0x08003010                HAL_RCC_OscConfig
 .text.HAL_RCC_ClockConfig
                0x08003514      0x1d4 ./Drivers/STM32F1xx_HAL_Driver/Src/stm32f1xx_hal_rcc.o
                0x08003514                HAL_RCC_ClockConfig
 .text.HAL_RCC_GetSysClockFreq
                0x080036e8       0xa8 ./Drivers/STM32F1xx_HAL_Driver/Src/stm32f1xx_hal_rcc.o
                0x080036e8                HAL_RCC_GetSysClockFreq
 .text.HAL_RCC_GetHCLKFreq
                0x08003790       0x14 ./Drivers/STM32F1xx_HAL_Driver/Src/stm32f1xx_hal_rcc.o
                0x08003790                HAL_RCC_GetHCLKFreq
 .text.HAL_RCC_GetPCLK1Freq
                0x080037a4       0x28 ./Drivers/STM32F1xx_HAL_Driver/Src/stm32f1xx_hal_rcc.o
                0x080037a4                HAL_RCC_GetPCLK1Freq
 .text.HAL_RCC_GetPCLK2Freq
                0x080037cc       0x28 ./Drivers/STM32F1xx_HAL_Driver/Src/stm32f1xx_hal_rcc.o
                0x080037cc                HAL_RCC_GetPCLK2Freq
 .text.RCC_Delay
                0x080037f4       0x3c ./Drivers/STM32F1xx_HAL_Driver/Src/stm32f1xx_hal_rcc.o
 .text.HAL_TIM_Base_Init
                0x08003830       0x9e ./Drivers/STM32F1xx_HAL_Driver/Src/stm32f1xx_hal_tim.o
                0x08003830                HAL_TIM_Base_Init
 *fill*         0x080038ce        0x2 
 .text.HAL_TIM_Base_Start
                0x080038d0       0xb0 ./Drivers/STM32F1xx_HAL_Driver/Src/stm32f1xx_hal_tim.o
                0x080038d0                HAL_TIM_Base_Start
 .text.HAL_TIM_PWM_Init
                0x08003980       0x9e ./Drivers/STM32F1xx_HAL_Driver/Src/stm32f1xx_hal_tim.o
                0x08003980                HAL_TIM_PWM_Init
 .text.HAL_TIM_PWM_MspInit
                0x08003a1e       0x12 ./Drivers/STM32F1xx_HAL_Driver/Src/stm32f1xx_hal_tim.o
                0x08003a1e                HAL_TIM_PWM_MspInit
 .text.HAL_TIM_PWM_Start
                0x08003a30      0x174 ./Drivers/STM32F1xx_HAL_Driver/Src/stm32f1xx_hal_tim.o
                0x08003a30                HAL_TIM_PWM_Start
 .text.HAL_TIM_PWM_ConfigChannel
                0x08003ba4      0x184 ./Drivers/STM32F1xx_HAL_Driver/Src/stm32f1xx_hal_tim.o
                0x08003ba4                HAL_TIM_PWM_ConfigChannel
 .text.HAL_TIM_ConfigClockSource
                0x08003d28      0x18e ./Drivers/STM32F1xx_HAL_Driver/Src/stm32f1xx_hal_tim.o
                0x08003d28                HAL_TIM_ConfigClockSource
 *fill*         0x08003eb6        0x2 
 .text.TIM_Base_SetConfig
                0x08003eb8      0x10c ./Drivers/STM32F1xx_HAL_Driver/Src/stm32f1xx_hal_tim.o
                0x08003eb8                TIM_Base_SetConfig
 .text.TIM_OC1_SetConfig
                0x08003fc4       0xe0 ./Drivers/STM32F1xx_HAL_Driver/Src/stm32f1xx_hal_tim.o
 .text.TIM_OC2_SetConfig
                0x080040a4       0xe8 ./Drivers/STM32F1xx_HAL_Driver/Src/stm32f1xx_hal_tim.o
                0x080040a4                TIM_OC2_SetConfig
 .text.TIM_OC3_SetConfig
                0x0800418c       0xe8 ./Drivers/STM32F1xx_HAL_Driver/Src/stm32f1xx_hal_tim.o
 .text.TIM_OC4_SetConfig
                0x08004274       0xa8 ./Drivers/STM32F1xx_HAL_Driver/Src/stm32f1xx_hal_tim.o
 .text.TIM_TI1_ConfigInputStage
                0x0800431c       0x5c ./Drivers/STM32F1xx_HAL_Driver/Src/stm32f1xx_hal_tim.o
 .text.TIM_TI2_ConfigInputStage
                0x08004378       0x5e ./Drivers/STM32F1xx_HAL_Driver/Src/stm32f1xx_hal_tim.o
 .text.TIM_ITRx_SetConfig
                0x080043d6       0x34 ./Drivers/STM32F1xx_HAL_Driver/Src/stm32f1xx_hal_tim.o
 .text.TIM_ETR_SetConfig
                0x0800440a       0x3e ./Drivers/STM32F1xx_HAL_Driver/Src/stm32f1xx_hal_tim.o
                0x0800440a                TIM_ETR_SetConfig
 .text.TIM_CCxChannelCmd
                0x08004448       0x48 ./Drivers/STM32F1xx_HAL_Driver/Src/stm32f1xx_hal_tim.o
                0x08004448                TIM_CCxChannelCmd
 .text.HAL_TIMEx_MasterConfigSynchronization
                0x08004490       0xd8 ./Drivers/STM32F1xx_HAL_Driver/Src/stm32f1xx_hal_tim_ex.o
                0x08004490                HAL_TIMEx_MasterConfigSynchronization
 .text.HAL_UART_Init
                0x08004568       0xa0 ./Drivers/STM32F1xx_HAL_Driver/Src/stm32f1xx_hal_uart.o
                0x08004568                HAL_UART_Init
 .text.UART_SetConfig
                0x08004608      0x11c ./Drivers/STM32F1xx_HAL_Driver/Src/stm32f1xx_hal_uart.o
 .text.memset   0x08004724       0x10 C:/ST/STM32CubeIDE_1.15.1/STM32CubeIDE/plugins/com.st.stm32cube.ide.mcu.externaltools.gnu-tools-for-stm32.12.3.rel1.win32_1.0.100.202403111256/tools/bin/../lib/gcc/arm-none-eabi/12.3.1/../../../../arm-none-eabi/lib/thumb/v7-m/nofp\libc_nano.a(libc_a-memset.o)
                0x08004724                memset
 .text.__libc_init_array
                0x08004734       0x48 C:/ST/STM32CubeIDE_1.15.1/STM32CubeIDE/plugins/com.st.stm32cube.ide.mcu.externaltools.gnu-tools-for-stm32.12.3.rel1.win32_1.0.100.202403111256/tools/bin/../lib/gcc/arm-none-eabi/12.3.1/../../../../arm-none-eabi/lib/thumb/v7-m/nofp\libc_nano.a(libc_a-init.o)
                0x08004734                __libc_init_array
 *(.glue_7)
 .glue_7        0x0800477c        0x0 linker stubs
 *(.glue_7t)
 .glue_7t       0x0800477c        0x0 linker stubs
 *(.eh_frame)
 .eh_frame      0x0800477c        0x0 C:/ST/STM32CubeIDE_1.15.1/STM32CubeIDE/plugins/com.st.stm32cube.ide.mcu.externaltools.gnu-tools-for-stm32.12.3.rel1.win32_1.0.100.202403111256/tools/bin/../lib/gcc/arm-none-eabi/12.3.1/thumb/v7-m/nofp/crtbegin.o
 *(.init)
 .init          0x0800477c        0x4 C:/ST/STM32CubeIDE_1.15.1/STM32CubeIDE/plugins/com.st.stm32cube.ide.mcu.externaltools.gnu-tools-for-stm32.12.3.rel1.win32_1.0.100.202403111256/tools/bin/../lib/gcc/arm-none-eabi/12.3.1/thumb/v7-m/nofp/crti.o
                0x0800477c                _init
 .init          0x08004780        0x8 C:/ST/STM32CubeIDE_1.15.1/STM32CubeIDE/plugins/com.st.stm32cube.ide.mcu.externaltools.gnu-tools-for-stm32.12.3.rel1.win32_1.0.100.202403111256/tools/bin/../lib/gcc/arm-none-eabi/12.3.1/thumb/v7-m/nofp/crtn.o
 *(.fini)
 .fini          0x08004788        0x4 C:/ST/STM32CubeIDE_1.15.1/STM32CubeIDE/plugins/com.st.stm32cube.ide.mcu.externaltools.gnu-tools-for-stm32.12.3.rel1.win32_1.0.100.202403111256/tools/bin/../lib/gcc/arm-none-eabi/12.3.1/thumb/v7-m/nofp/crti.o
                0x08004788                _fini
 .fini          0x0800478c        0x8 C:/ST/STM32CubeIDE_1.15.1/STM32CubeIDE/plugins/com.st.stm32cube.ide.mcu.externaltools.gnu-tools-for-stm32.12.3.rel1.win32_1.0.100.202403111256/tools/bin/../lib/gcc/arm-none-eabi/12.3.1/thumb/v7-m/nofp/crtn.o
                0x08004794                        . = ALIGN (0x4)
                0x08004794                        _etext = .

.vfp11_veneer   0x08004794        0x0
 .vfp11_veneer  0x08004794        0x0 linker stubs

.v4_bx          0x08004794        0x0
 .v4_bx         0x08004794        0x0 linker stubs

.iplt           0x08004794        0x0
 .iplt          0x08004794        0x0 C:/ST/STM32CubeIDE_1.15.1/STM32CubeIDE/plugins/com.st.stm32cube.ide.mcu.externaltools.gnu-tools-for-stm32.12.3.rel1.win32_1.0.100.202403111256/tools/bin/../lib/gcc/arm-none-eabi/12.3.1/thumb/v7-m/nofp/crtbegin.o

.rodata         0x08004794       0x2c
                0x08004794                        . = ALIGN (0x4)
 *(.rodata)
 *(.rodata*)
 .rodata.AHBPrescTable
                0x08004794       0x10 ./Core/Src/system_stm32f1xx.o
                0x08004794                AHBPrescTable
 .rodata.APBPrescTable
                0x080047a4        0x8 ./Core/Src/system_stm32f1xx.o
                0x080047a4                APBPrescTable
 .rodata.aPLLMULFactorTable.1
                0x080047ac       0x10 ./Drivers/STM32F1xx_HAL_Driver/Src/stm32f1xx_hal_rcc.o
 .rodata.aPredivFactorTable.0
                0x080047bc        0x2 ./Drivers/STM32F1xx_HAL_Driver/Src/stm32f1xx_hal_rcc.o
                0x080047c0                        . = ALIGN (0x4)
 *fill*         0x080047be        0x2 

.ARM.extab      0x080047c0        0x0
                0x080047c0                        . = ALIGN (0x4)
 *(.ARM.extab* .gnu.linkonce.armextab.*)
                0x080047c0                        . = ALIGN (0x4)

.ARM            0x080047c0        0x0
                0x080047c0                        . = ALIGN (0x4)
                0x080047c0                        __exidx_start = .
 *(.ARM.exidx*)
                0x080047c0                        __exidx_end = .
                0x080047c0                        . = ALIGN (0x4)

.preinit_array  0x080047c0        0x0
                0x080047c0                        . = ALIGN (0x4)
                0x080047c0                        PROVIDE (__preinit_array_start = .)
 *(.preinit_array*)
                0x080047c0                        PROVIDE (__preinit_array_end = .)
                0x080047c0                        . = ALIGN (0x4)

.init_array     0x080047c0        0x4
                0x080047c0                        . = ALIGN (0x4)
                0x080047c0                        PROVIDE (__init_array_start = .)
 *(SORT_BY_NAME(.init_array.*))
 *(.init_array*)
 .init_array    0x080047c0        0x4 C:/ST/STM32CubeIDE_1.15.1/STM32CubeIDE/plugins/com.st.stm32cube.ide.mcu.externaltools.gnu-tools-for-stm32.12.3.rel1.win32_1.0.100.202403111256/tools/bin/../lib/gcc/arm-none-eabi/12.3.1/thumb/v7-m/nofp/crtbegin.o
                0x080047c4                        PROVIDE (__init_array_end = .)
                0x080047c4                        . = ALIGN (0x4)

.fini_array     0x080047c4        0x4
                0x080047c4                        . = ALIGN (0x4)
                [!provide]                        PROVIDE (__fini_array_start = .)
 *(SORT_BY_NAME(.fini_array.*))
 *(.fini_array*)
 .fini_array    0x080047c4        0x4 C:/ST/STM32CubeIDE_1.15.1/STM32CubeIDE/plugins/com.st.stm32cube.ide.mcu.externaltools.gnu-tools-for-stm32.12.3.rel1.win32_1.0.100.202403111256/tools/bin/../lib/gcc/arm-none-eabi/12.3.1/thumb/v7-m/nofp/crtbegin.o
                [!provide]                        PROVIDE (__fini_array_end = .)
                0x080047c8                        . = ALIGN (0x4)
                0x080047c8                        _sidata = LOADADDR (.data)

.rel.dyn        0x080047c8        0x0
 .rel.iplt      0x080047c8        0x0 C:/ST/STM32CubeIDE_1.15.1/STM32CubeIDE/plugins/com.st.stm32cube.ide.mcu.externaltools.gnu-tools-for-stm32.12.3.rel1.win32_1.0.100.202403111256/tools/bin/../lib/gcc/arm-none-eabi/12.3.1/thumb/v7-m/nofp/crtbegin.o

.data           0x20000000       0x10 load address 0x080047c8
                0x20000000                        . = ALIGN (0x4)
                0x20000000                        _sdata = .
 *(.data)
 *(.data*)
 .data.size     0x20000000        0x4 ./Core/Src/read.o
                0x20000000                size
 .data.SystemCoreClock
                0x20000004        0x4 ./Core/Src/system_stm32f1xx.o
                0x20000004                SystemCoreClock
 .data.uwTickPrio
                0x20000008        0x4 ./Drivers/STM32F1xx_HAL_Driver/Src/stm32f1xx_hal.o
                0x20000008                uwTickPrio
 .data.uwTickFreq
                0x2000000c        0x1 ./Drivers/STM32F1xx_HAL_Driver/Src/stm32f1xx_hal.o
                0x2000000c                uwTickFreq
 *(.RamFunc)
 *(.RamFunc*)
                0x20000010                        . = ALIGN (0x4)
 *fill*         0x2000000d        0x3 
                0x20000010                        _edata = .

.igot.plt       0x20000010        0x0 load address 0x080047d8
 .igot.plt      0x20000010        0x0 C:/ST/STM32CubeIDE_1.15.1/STM32CubeIDE/plugins/com.st.stm32cube.ide.mcu.externaltools.gnu-tools-for-stm32.12.3.rel1.win32_1.0.100.202403111256/tools/bin/../lib/gcc/arm-none-eabi/12.3.1/thumb/v7-m/nofp/crtbegin.o
                0x20000010                        . = ALIGN (0x4)

.bss            0x20000010      0x310 load address 0x080047d8
                0x20000010                        _sbss = .
                0x20000010                        __bss_start__ = _sbss
 *(.bss)
 .bss           0x20000010       0x1c C:/ST/STM32CubeIDE_1.15.1/STM32CubeIDE/plugins/com.st.stm32cube.ide.mcu.externaltools.gnu-tools-for-stm32.12.3.rel1.win32_1.0.100.202403111256/tools/bin/../lib/gcc/arm-none-eabi/12.3.1/thumb/v7-m/nofp/crtbegin.o
 *(.bss*)
 .bss.value_timer
                0x2000002c        0x4 ./Core/Src/main.o
                0x2000002c                value_timer
 .bss.htim1     0x20000030       0x48 ./Core/Src/main.o
                0x20000030                htim1
 .bss.htim2     0x20000078       0x48 ./Core/Src/main.o
                0x20000078                htim2
 .bss.htim3     0x200000c0       0x48 ./Core/Src/main.o
                0x200000c0                htim3
 .bss.htim6     0x20000108       0x48 ./Core/Src/main.o
                0x20000108                htim6
 .bss.huart1    0x20000150       0x48 ./Core/Src/main.o
                0x20000150                huart1
 .bss.read1_out
                0x20000198        0x4 ./Core/Src/read.o
                0x20000198                read1_out
 .bss.read2_out
                0x2000019c        0x4 ./Core/Src/read.o
                0x2000019c                read2_out
 .bss.read5_out
                0x200001a0        0x4 ./Core/Src/read.o
                0x200001a0                read5_out
 .bss.read2_check
                0x200001a4        0x4 ./Core/Src/read.o
                0x200001a4                read2_check
 .bss.Read_ss1  0x200001a8        0x4 ./Core/Src/read.o
                0x200001a8                Read_ss1
 .bss.Read_ss2  0x200001ac        0x4 ./Core/Src/read.o
                0x200001ac                Read_ss2
 .bss.Read_ss3  0x200001b0        0x4 ./Core/Src/read.o
                0x200001b0                Read_ss3
 .bss.Read_ss4  0x200001b4        0x4 ./Core/Src/read.o
                0x200001b4                Read_ss4
 .bss.save      0x200001b8        0x4 ./Core/Src/read.o
                0x200001b8                save
 .bss.val       0x200001bc        0x4 ./Core/Src/read.o
                0x200001bc                val
 .bss.DIR       0x200001c0        0x4 ./Core/Src/read.o
                0x200001c0                DIR
 .bss.run       0x200001c4        0x4 ./Core/Src/read.o
                0x200001c4                run
 .bss.change    0x200001c8        0x4 ./Core/Src/read.o
                0x200001c8                change
 .bss.active    0x200001cc        0x4 ./Core/Src/read.o
                0x200001cc                active
 .bss.lock_ss   0x200001d0        0x4 ./Core/Src/read.o
                0x200001d0                lock_ss
 .bss.count_ch1
                0x200001d4        0x4 ./Core/Src/read.o
                0x200001d4                count_ch1
 .bss.count_ch2
                0x200001d8        0x4 ./Core/Src/read.o
                0x200001d8                count_ch2
 .bss.array_read_ch1
                0x200001dc       0x28 ./Core/Src/read.o
                0x200001dc                array_read_ch1
 .bss.array_read_ch2
                0x20000204       0x28 ./Core/Src/read.o
                0x20000204                array_read_ch2
 .bss.read_1    0x2000022c       0x10 ./Core/Src/read.o
                0x2000022c                read_1
 .bss.read_2    0x2000023c       0x10 ./Core/Src/read.o
                0x2000023c                read_2
 .bss.read_3    0x2000024c       0x10 ./Core/Src/read.o
                0x2000024c                read_3
 .bss.read_4    0x2000025c       0x10 ./Core/Src/read.o
                0x2000025c                read_4
 .bss.read_5    0x2000026c       0x10 ./Core/Src/read.o
                0x2000026c                read_5
 .bss.read_6    0x2000027c       0x10 ./Core/Src/read.o
                0x2000027c                read_6
 .bss.read_7    0x2000028c       0x10 ./Core/Src/read.o
                0x2000028c                read_7
 .bss.read_8    0x2000029c       0x10 ./Core/Src/read.o
                0x2000029c                read_8
 .bss.read_9    0x200002ac       0x10 ./Core/Src/read.o
                0x200002ac                read_9
 .bss.read_10   0x200002bc       0x10 ./Core/Src/read.o
                0x200002bc                read_10
 .bss.read_11   0x200002cc       0x10 ./Core/Src/read.o
                0x200002cc                read_11
 .bss.read_ss1  0x200002dc       0x10 ./Core/Src/read.o
                0x200002dc                read_ss1
 .bss.read_ss2  0x200002ec       0x10 ./Core/Src/read.o
                0x200002ec                read_ss2
 .bss.read_ss3  0x200002fc       0x10 ./Core/Src/read.o
                0x200002fc                read_ss3
 .bss.read_ss4  0x2000030c       0x10 ./Core/Src/read.o
                0x2000030c                read_ss4
 .bss.uwTick    0x2000031c        0x4 ./Drivers/STM32F1xx_HAL_Driver/Src/stm32f1xx_hal.o
                0x2000031c                uwTick
 *(COMMON)
                0x20000320                        . = ALIGN (0x4)
                0x20000320                        _ebss = .
                0x20000320                        __bss_end__ = _ebss

._user_heap_stack
                0x20000320      0x600 load address 0x080047d8
                0x20000320                        . = ALIGN (0x8)
                [!provide]                        PROVIDE (end = .)
                0x20000320                        PROVIDE (_end = .)
                0x20000520                        . = (. + _Min_Heap_Size)
 *fill*         0x20000320      0x200 
                0x20000920                        . = (. + _Min_Stack_Size)
 *fill*         0x20000520      0x400 
                0x20000920                        . = ALIGN (0x8)

/DISCARD/
 libc.a(*)
 libm.a(*)
 libgcc.a(*)

.ARM.attributes
                0x00000000       0x29
 *(.ARM.attributes)
 .ARM.attributes
                0x00000000       0x1d C:/ST/STM32CubeIDE_1.15.1/STM32CubeIDE/plugins/com.st.stm32cube.ide.mcu.externaltools.gnu-tools-for-stm32.12.3.rel1.win32_1.0.100.202403111256/tools/bin/../lib/gcc/arm-none-eabi/12.3.1/thumb/v7-m/nofp/crti.o
 .ARM.attributes
                0x0000001d       0x2d C:/ST/STM32CubeIDE_1.15.1/STM32CubeIDE/plugins/com.st.stm32cube.ide.mcu.externaltools.gnu-tools-for-stm32.12.3.rel1.win32_1.0.100.202403111256/tools/bin/../lib/gcc/arm-none-eabi/12.3.1/thumb/v7-m/nofp/crtbegin.o
 .ARM.attributes
                0x0000004a       0x2d ./Core/Src/main.o
 .ARM.attributes
                0x00000077       0x2d ./Core/Src/read.o
 .ARM.attributes
                0x000000a4       0x2d ./Core/Src/stm32f1xx_hal_msp.o
 .ARM.attributes
                0x000000d1       0x2d ./Core/Src/stm32f1xx_it.o
 .ARM.attributes
                0x000000fe       0x2d ./Core/Src/system_stm32f1xx.o
 .ARM.attributes
                0x0000012b       0x21 ./Core/Startup/startup_stm32f103vetx.o
 .ARM.attributes
                0x0000014c       0x2d ./Drivers/STM32F1xx_HAL_Driver/Src/stm32f1xx_hal.o
 .ARM.attributes
                0x00000179       0x2d ./Drivers/STM32F1xx_HAL_Driver/Src/stm32f1xx_hal_cortex.o
 .ARM.attributes
                0x000001a6       0x2d ./Drivers/STM32F1xx_HAL_Driver/Src/stm32f1xx_hal_gpio.o
 .ARM.attributes
                0x000001d3       0x2d ./Drivers/STM32F1xx_HAL_Driver/Src/stm32f1xx_hal_rcc.o
 .ARM.attributes
                0x00000200       0x2d ./Drivers/STM32F1xx_HAL_Driver/Src/stm32f1xx_hal_tim.o
 .ARM.attributes
                0x0000022d       0x2d ./Drivers/STM32F1xx_HAL_Driver/Src/stm32f1xx_hal_tim_ex.o
 .ARM.attributes
                0x0000025a       0x2d ./Drivers/STM32F1xx_HAL_Driver/Src/stm32f1xx_hal_uart.o
 .ARM.attributes
                0x00000287       0x2d C:/ST/STM32CubeIDE_1.15.1/STM32CubeIDE/plugins/com.st.stm32cube.ide.mcu.externaltools.gnu-tools-for-stm32.12.3.rel1.win32_1.0.100.202403111256/tools/bin/../lib/gcc/arm-none-eabi/12.3.1/../../../../arm-none-eabi/lib/thumb/v7-m/nofp\libc_nano.a(libc_a-memset.o)
 .ARM.attributes
                0x000002b4       0x2d C:/ST/STM32CubeIDE_1.15.1/STM32CubeIDE/plugins/com.st.stm32cube.ide.mcu.externaltools.gnu-tools-for-stm32.12.3.rel1.win32_1.0.100.202403111256/tools/bin/../lib/gcc/arm-none-eabi/12.3.1/../../../../arm-none-eabi/lib/thumb/v7-m/nofp\libc_nano.a(libc_a-init.o)
 .ARM.attributes
                0x000002e1       0x1d C:/ST/STM32CubeIDE_1.15.1/STM32CubeIDE/plugins/com.st.stm32cube.ide.mcu.externaltools.gnu-tools-for-stm32.12.3.rel1.win32_1.0.100.202403111256/tools/bin/../lib/gcc/arm-none-eabi/12.3.1/thumb/v7-m/nofp/crtn.o
OUTPUT(Spixel_V1.0.elf elf32-littlearm)
LOAD linker stubs
LOAD C:/ST/STM32CubeIDE_1.15.1/STM32CubeIDE/plugins/com.st.stm32cube.ide.mcu.externaltools.gnu-tools-for-stm32.12.3.rel1.win32_1.0.100.202403111256/tools/bin/../lib/gcc/arm-none-eabi/12.3.1/../../../../arm-none-eabi/lib/thumb/v7-m/nofp\libc.a
LOAD C:/ST/STM32CubeIDE_1.15.1/STM32CubeIDE/plugins/com.st.stm32cube.ide.mcu.externaltools.gnu-tools-for-stm32.12.3.rel1.win32_1.0.100.202403111256/tools/bin/../lib/gcc/arm-none-eabi/12.3.1/../../../../arm-none-eabi/lib/thumb/v7-m/nofp\libm.a
LOAD C:/ST/STM32CubeIDE_1.15.1/STM32CubeIDE/plugins/com.st.stm32cube.ide.mcu.externaltools.gnu-tools-for-stm32.12.3.rel1.win32_1.0.100.202403111256/tools/bin/../lib/gcc/arm-none-eabi/12.3.1/thumb/v7-m/nofp\libgcc.a

.debug_info     0x00000000     0xc086
 .debug_info    0x00000000     0x1247 ./Core/Src/main.o
 .debug_info    0x00001247     0x111f ./Core/Src/read.o
 .debug_info    0x00002366      0xc79 ./Core/Src/stm32f1xx_hal_msp.o
 .debug_info    0x00002fdf      0x19d ./Core/Src/stm32f1xx_it.o
 .debug_info    0x0000317c      0x222 ./Core/Src/system_stm32f1xx.o
 .debug_info    0x0000339e       0x30 ./Core/Startup/startup_stm32f103vetx.o
 .debug_info    0x000033ce      0x76a ./Drivers/STM32F1xx_HAL_Driver/Src/stm32f1xx_hal.o
 .debug_info    0x00003b38      0xaed ./Drivers/STM32F1xx_HAL_Driver/Src/stm32f1xx_hal_cortex.o
 .debug_info    0x00004625      0x5ab ./Drivers/STM32F1xx_HAL_Driver/Src/stm32f1xx_hal_gpio.o
 .debug_info    0x00004bd0      0x7d5 ./Drivers/STM32F1xx_HAL_Driver/Src/stm32f1xx_hal_rcc.o
 .debug_info    0x000053a5     0x2959 ./Drivers/STM32F1xx_HAL_Driver/Src/stm32f1xx_hal_tim.o
 .debug_info    0x00007cfe     0x149b ./Drivers/STM32F1xx_HAL_Driver/Src/stm32f1xx_hal_tim_ex.o
 .debug_info    0x00009199     0x2eed ./Drivers/STM32F1xx_HAL_Driver/Src/stm32f1xx_hal_uart.o

.debug_abbrev   0x00000000     0x1b6b
 .debug_abbrev  0x00000000      0x2ed ./Core/Src/main.o
 .debug_abbrev  0x000002ed      0x2e0 ./Core/Src/read.o
 .debug_abbrev  0x000005cd      0x219 ./Core/Src/stm32f1xx_hal_msp.o
 .debug_abbrev  0x000007e6       0xbb ./Core/Src/stm32f1xx_it.o
 .debug_abbrev  0x000008a1      0x13f ./Core/Src/system_stm32f1xx.o
 .debug_abbrev  0x000009e0       0x24 ./Core/Startup/startup_stm32f103vetx.o
 .debug_abbrev  0x00000a04      0x201 ./Drivers/STM32F1xx_HAL_Driver/Src/stm32f1xx_hal.o
 .debug_abbrev  0x00000c05      0x2f8 ./Drivers/STM32F1xx_HAL_Driver/Src/stm32f1xx_hal_cortex.o
 .debug_abbrev  0x00000efd      0x1ca ./Drivers/STM32F1xx_HAL_Driver/Src/stm32f1xx_hal_gpio.o
 .debug_abbrev  0x000010c7      0x2b3 ./Drivers/STM32F1xx_HAL_Driver/Src/stm32f1xx_hal_rcc.o
 .debug_abbrev  0x0000137a      0x277 ./Drivers/STM32F1xx_HAL_Driver/Src/stm32f1xx_hal_tim.o
 .debug_abbrev  0x000015f1      0x282 ./Drivers/STM32F1xx_HAL_Driver/Src/stm32f1xx_hal_tim_ex.o
 .debug_abbrev  0x00001873      0x2f8 ./Drivers/STM32F1xx_HAL_Driver/Src/stm32f1xx_hal_uart.o

.debug_aranges  0x00000000      0xbe8
 .debug_aranges
                0x00000000       0x68 ./Core/Src/main.o
 .debug_aranges
                0x00000068       0x50 ./Core/Src/read.o
 .debug_aranges
                0x000000b8       0x48 ./Core/Src/stm32f1xx_hal_msp.o
 .debug_aranges
                0x00000100       0x90 ./Core/Src/stm32f1xx_it.o
 .debug_aranges
                0x00000190       0x28 ./Core/Src/system_stm32f1xx.o
 .debug_aranges
                0x000001b8       0x28 ./Core/Startup/startup_stm32f103vetx.o
 .debug_aranges
                0x000001e0       0xe0 ./Drivers/STM32F1xx_HAL_Driver/Src/stm32f1xx_hal.o
 .debug_aranges
                0x000002c0      0x100 ./Drivers/STM32F1xx_HAL_Driver/Src/stm32f1xx_hal_cortex.o
 .debug_aranges
                0x000003c0       0x58 ./Drivers/STM32F1xx_HAL_Driver/Src/stm32f1xx_hal_gpio.o
 .debug_aranges
                0x00000418       0x90 ./Drivers/STM32F1xx_HAL_Driver/Src/stm32f1xx_hal_rcc.o
 .debug_aranges
                0x000004a8      0x3d0 ./Drivers/STM32F1xx_HAL_Driver/Src/stm32f1xx_hal_tim.o
 .debug_aranges
                0x00000878      0x168 ./Drivers/STM32F1xx_HAL_Driver/Src/stm32f1xx_hal_tim_ex.o
 .debug_aranges
                0x000009e0      0x208 ./Drivers/STM32F1xx_HAL_Driver/Src/stm32f1xx_hal_uart.o

.debug_rnglists
                0x00000000      0x95f
 .debug_rnglists
                0x00000000       0x4f ./Core/Src/main.o
 .debug_rnglists
                0x0000004f       0x3d ./Core/Src/read.o
 .debug_rnglists
                0x0000008c       0x35 ./Core/Src/stm32f1xx_hal_msp.o
 .debug_rnglists
                0x000000c1       0x67 ./Core/Src/stm32f1xx_it.o
 .debug_rnglists
                0x00000128       0x1a ./Core/Src/system_stm32f1xx.o
 .debug_rnglists
                0x00000142       0x19 ./Core/Startup/startup_stm32f103vetx.o
 .debug_rnglists
                0x0000015b       0xa3 ./Drivers/STM32F1xx_HAL_Driver/Src/stm32f1xx_hal.o
 .debug_rnglists
                0x000001fe       0xbb ./Drivers/STM32F1xx_HAL_Driver/Src/stm32f1xx_hal_cortex.o
 .debug_rnglists
                0x000002b9       0x3f ./Drivers/STM32F1xx_HAL_Driver/Src/stm32f1xx_hal_gpio.o
 .debug_rnglists
                0x000002f8       0x6c ./Drivers/STM32F1xx_HAL_Driver/Src/stm32f1xx_hal_rcc.o
 .debug_rnglists
                0x00000364      0x31a ./Drivers/STM32F1xx_HAL_Driver/Src/stm32f1xx_hal_tim.o
 .debug_rnglists
                0x0000067e      0x125 ./Drivers/STM32F1xx_HAL_Driver/Src/stm32f1xx_hal_tim_ex.o
 .debug_rnglists
                0x000007a3      0x1bc ./Drivers/STM32F1xx_HAL_Driver/Src/stm32f1xx_hal_uart.o

.debug_macro    0x00000000    0x19d5e
 .debug_macro   0x00000000      0x267 ./Core/Src/main.o
 .debug_macro   0x00000267      0xaa8 ./Core/Src/main.o
 .debug_macro   0x00000d0f      0x21b ./Core/Src/main.o
 .debug_macro   0x00000f2a       0x2e ./Core/Src/main.o
 .debug_macro   0x00000f58       0x22 ./Core/Src/main.o
 .debug_macro   0x00000f7a       0x22 ./Core/Src/main.o
 .debug_macro   0x00000f9c       0x8e ./Core/Src/main.o
 .debug_macro   0x0000102a       0x51 ./Core/Src/main.o
 .debug_macro   0x0000107b      0x103 ./Core/Src/main.o
 .debug_macro   0x0000117e       0x6a ./Core/Src/main.o
 .debug_macro   0x000011e8      0x1df ./Core/Src/main.o
 .debug_macro   0x000013c7       0x1c ./Core/Src/main.o
 .debug_macro   0x000013e3       0x22 ./Core/Src/main.o
 .debug_macro   0x00001405       0xbd ./Core/Src/main.o
 .debug_macro   0x000014c2      0xd23 ./Core/Src/main.o
 .debug_macro   0x000021e5     0xfd8c ./Core/Src/main.o
 .debug_macro   0x00011f71       0x6d ./Core/Src/main.o
 .debug_macro   0x00011fde     0x34a2 ./Core/Src/main.o
 .debug_macro   0x00015480      0x189 ./Core/Src/main.o
 .debug_macro   0x00015609       0x5c ./Core/Src/main.o
 .debug_macro   0x00015665      0x5bc ./Core/Src/main.o
 .debug_macro   0x00015c21      0x4d5 ./Core/Src/main.o
 .debug_macro   0x000160f6      0x1cb ./Core/Src/main.o
 .debug_macro   0x000162c1      0x114 ./Core/Src/main.o
 .debug_macro   0x000163d5      0x1ea ./Core/Src/main.o
 .debug_macro   0x000165bf       0x27 ./Core/Src/main.o
 .debug_macro   0x000165e6      0x144 ./Core/Src/main.o
 .debug_macro   0x0001672a      0x1bc ./Core/Src/main.o
 .debug_macro   0x000168e6       0x30 ./Core/Src/main.o
 .debug_macro   0x00016916       0x3c ./Core/Src/main.o
 .debug_macro   0x00016952       0x57 ./Core/Src/main.o
 .debug_macro   0x000169a9       0x87 ./Core/Src/main.o
 .debug_macro   0x00016a30      0x24f ./Core/Src/main.o
 .debug_macro   0x00016c7f      0x140 ./Core/Src/main.o
 .debug_macro   0x00016dbf      0x8ed ./Core/Src/main.o
 .debug_macro   0x000176ac      0x28e ./Core/Src/main.o
 .debug_macro   0x0001793a       0xb5 ./Core/Src/main.o
 .debug_macro   0x000179ef      0x223 ./Core/Src/main.o
 .debug_macro   0x00017c12       0x61 ./Core/Src/main.o
 .debug_macro   0x00017c73       0x24 ./Core/Src/main.o
 .debug_macro   0x00017c97       0x43 ./Core/Src/main.o
 .debug_macro   0x00017cda       0x34 ./Core/Src/main.o
 .debug_macro   0x00017d0e       0x16 ./Core/Src/main.o
 .debug_macro   0x00017d24       0x43 ./Core/Src/main.o
 .debug_macro   0x00017d67       0x34 ./Core/Src/main.o
 .debug_macro   0x00017d9b       0x10 ./Core/Src/main.o
 .debug_macro   0x00017dab       0x58 ./Core/Src/main.o
 .debug_macro   0x00017e03       0x8e ./Core/Src/main.o
 .debug_macro   0x00017e91       0x1c ./Core/Src/main.o
 .debug_macro   0x00017ead      0x177 ./Core/Src/main.o
 .debug_macro   0x00018024      0x369 ./Core/Src/main.o
 .debug_macro   0x0001838d      0x19b ./Core/Src/main.o
 .debug_macro   0x00018528      0x2c2 ./Core/Src/read.o
 .debug_macro   0x000187ea      0x229 ./Core/Src/read.o
 .debug_macro   0x00018a13       0x16 ./Core/Src/read.o
 .debug_macro   0x00018a29       0x35 ./Core/Src/read.o
 .debug_macro   0x00018a5e       0x10 ./Core/Src/read.o
 .debug_macro   0x00018a6e       0x16 ./Core/Src/read.o
 .debug_macro   0x00018a84       0x16 ./Core/Src/read.o
 .debug_macro   0x00018a9a      0x146 ./Core/Src/read.o
 .debug_macro   0x00018be0       0x16 ./Core/Src/read.o
 .debug_macro   0x00018bf6       0x16 ./Core/Src/read.o
 .debug_macro   0x00018c0c       0x29 ./Core/Src/read.o
 .debug_macro   0x00018c35      0x1b2 ./Core/Src/stm32f1xx_hal_msp.o
 .debug_macro   0x00018de7      0x1bc ./Core/Src/stm32f1xx_it.o
 .debug_macro   0x00018fa3      0x1a3 ./Core/Src/system_stm32f1xx.o
 .debug_macro   0x00019146      0x1c7 ./Drivers/STM32F1xx_HAL_Driver/Src/stm32f1xx_hal.o
 .debug_macro   0x0001930d      0x1a3 ./Drivers/STM32F1xx_HAL_Driver/Src/stm32f1xx_hal_cortex.o
 .debug_macro   0x000194b0      0x20e ./Drivers/STM32F1xx_HAL_Driver/Src/stm32f1xx_hal_gpio.o
 .debug_macro   0x000196be      0x1b5 ./Drivers/STM32F1xx_HAL_Driver/Src/stm32f1xx_hal_rcc.o
 .debug_macro   0x00019873      0x1a4 ./Drivers/STM32F1xx_HAL_Driver/Src/stm32f1xx_hal_tim.o
 .debug_macro   0x00019a17      0x1a3 ./Drivers/STM32F1xx_HAL_Driver/Src/stm32f1xx_hal_tim_ex.o
 .debug_macro   0x00019bba      0x1a4 ./Drivers/STM32F1xx_HAL_Driver/Src/stm32f1xx_hal_uart.o

.debug_line     0x00000000     0xe06d
 .debug_line    0x00000000      0xbba ./Core/Src/main.o
 .debug_line    0x00000bba     0x15b3 ./Core/Src/read.o
 .debug_line    0x0000216d      0x845 ./Core/Src/stm32f1xx_hal_msp.o
 .debug_line    0x000029b2      0x860 ./Core/Src/stm32f1xx_it.o
 .debug_line    0x00003212      0x783 ./Core/Src/system_stm32f1xx.o
 .debug_line    0x00003995       0x79 ./Core/Startup/startup_stm32f103vetx.o
 .debug_line    0x00003a0e      0x9b0 ./Drivers/STM32F1xx_HAL_Driver/Src/stm32f1xx_hal.o
 .debug_line    0x000043be      0xb9c ./Drivers/STM32F1xx_HAL_Driver/Src/stm32f1xx_hal_cortex.o
 .debug_line    0x00004f5a      0xa71 ./Drivers/STM32F1xx_HAL_Driver/Src/stm32f1xx_hal_gpio.o
 .debug_line    0x000059cb      0xdb9 ./Drivers/STM32F1xx_HAL_Driver/Src/stm32f1xx_hal_rcc.o
 .debug_line    0x00006784     0x36f5 ./Drivers/STM32F1xx_HAL_Driver/Src/stm32f1xx_hal_tim.o
 .debug_line    0x00009e79     0x1965 ./Drivers/STM32F1xx_HAL_Driver/Src/stm32f1xx_hal_tim_ex.o
 .debug_line    0x0000b7de     0x288f ./Drivers/STM32F1xx_HAL_Driver/Src/stm32f1xx_hal_uart.o

.debug_str      0x00000000    0x992e3
 .debug_str     0x00000000    0x963aa ./Core/Src/main.o
                              0x9699d (size before relaxing)
 .debug_str     0x000963aa      0x929 ./Core/Src/read.o
                              0x96071 (size before relaxing)
 .debug_str     0x00096cd3       0xcf ./Core/Src/stm32f1xx_hal_msp.o
                              0x92930 (size before relaxing)
 .debug_str     0x00096da2      0x14e ./Core/Src/stm32f1xx_it.o
                              0x9222d (size before relaxing)
 .debug_str     0x00096ef0       0x7e ./Core/Src/system_stm32f1xx.o
                              0x91a39 (size before relaxing)
 .debug_str     0x00096f6e       0x44 ./Core/Startup/startup_stm32f103vetx.o
                                 0x64 (size before relaxing)
 .debug_str     0x00096fb2      0x384 ./Drivers/STM32F1xx_HAL_Driver/Src/stm32f1xx_hal.o
                              0x92250 (size before relaxing)
 .debug_str     0x00097336      0x2a8 ./Drivers/STM32F1xx_HAL_Driver/Src/stm32f1xx_hal_cortex.o
                              0x9219c (size before relaxing)
 .debug_str     0x000975de      0x297 ./Drivers/STM32F1xx_HAL_Driver/Src/stm32f1xx_hal_gpio.o
                              0x91dbf (size before relaxing)
 .debug_str     0x00097875      0x229 ./Drivers/STM32F1xx_HAL_Driver/Src/stm32f1xx_hal_rcc.o
                              0x91e68 (size before relaxing)
 .debug_str     0x00097a9e      0xd7c ./Drivers/STM32F1xx_HAL_Driver/Src/stm32f1xx_hal_tim.o
                              0x92e6a (size before relaxing)
 .debug_str     0x0009881a      0x493 ./Drivers/STM32F1xx_HAL_Driver/Src/stm32f1xx_hal_tim_ex.o
                              0x92676 (size before relaxing)
 .debug_str     0x00098cad      0x636 ./Drivers/STM32F1xx_HAL_Driver/Src/stm32f1xx_hal_uart.o
                              0x924d9 (size before relaxing)

.comment        0x00000000       0x43
 .comment       0x00000000       0x43 ./Core/Src/main.o
                                 0x44 (size before relaxing)
 .comment       0x00000043       0x44 ./Core/Src/read.o
 .comment       0x00000043       0x44 ./Core/Src/stm32f1xx_hal_msp.o
 .comment       0x00000043       0x44 ./Core/Src/stm32f1xx_it.o
 .comment       0x00000043       0x44 ./Core/Src/system_stm32f1xx.o
 .comment       0x00000043       0x44 ./Drivers/STM32F1xx_HAL_Driver/Src/stm32f1xx_hal.o
 .comment       0x00000043       0x44 ./Drivers/STM32F1xx_HAL_Driver/Src/stm32f1xx_hal_cortex.o
 .comment       0x00000043       0x44 ./Drivers/STM32F1xx_HAL_Driver/Src/stm32f1xx_hal_gpio.o
 .comment       0x00000043       0x44 ./Drivers/STM32F1xx_HAL_Driver/Src/stm32f1xx_hal_rcc.o
 .comment       0x00000043       0x44 ./Drivers/STM32F1xx_HAL_Driver/Src/stm32f1xx_hal_tim.o
 .comment       0x00000043       0x44 ./Drivers/STM32F1xx_HAL_Driver/Src/stm32f1xx_hal_tim_ex.o
 .comment       0x00000043       0x44 ./Drivers/STM32F1xx_HAL_Driver/Src/stm32f1xx_hal_uart.o

.debug_frame    0x00000000     0x31ac
 .debug_frame   0x00000000      0x160 ./Core/Src/main.o
 .debug_frame   0x00000160      0x114 ./Core/Src/read.o
 .debug_frame   0x00000274       0xf4 ./Core/Src/stm32f1xx_hal_msp.o
 .debug_frame   0x00000368      0x1ac ./Core/Src/stm32f1xx_it.o
 .debug_frame   0x00000514       0x58 ./Core/Src/system_stm32f1xx.o
 .debug_frame   0x0000056c      0x334 ./Drivers/STM32F1xx_HAL_Driver/Src/stm32f1xx_hal.o
 .debug_frame   0x000008a0      0x428 ./Drivers/STM32F1xx_HAL_Driver/Src/stm32f1xx_hal_cortex.o
 .debug_frame   0x00000cc8      0x14c ./Drivers/STM32F1xx_HAL_Driver/Src/stm32f1xx_hal_gpio.o
 .debug_frame   0x00000e14      0x218 ./Drivers/STM32F1xx_HAL_Driver/Src/stm32f1xx_hal_rcc.o
 .debug_frame   0x0000102c     0x11b8 ./Drivers/STM32F1xx_HAL_Driver/Src/stm32f1xx_hal_tim.o
 .debug_frame   0x000021e4      0x638 ./Drivers/STM32F1xx_HAL_Driver/Src/stm32f1xx_hal_tim_ex.o
 .debug_frame   0x0000281c      0x944 ./Drivers/STM32F1xx_HAL_Driver/Src/stm32f1xx_hal_uart.o
 .debug_frame   0x00003160       0x20 C:/ST/STM32CubeIDE_1.15.1/STM32CubeIDE/plugins/com.st.stm32cube.ide.mcu.externaltools.gnu-tools-for-stm32.12.3.rel1.win32_1.0.100.202403111256/tools/bin/../lib/gcc/arm-none-eabi/12.3.1/../../../../arm-none-eabi/lib/thumb/v7-m/nofp\libc_nano.a(libc_a-memset.o)
 .debug_frame   0x00003180       0x2c C:/ST/STM32CubeIDE_1.15.1/STM32CubeIDE/plugins/com.st.stm32cube.ide.mcu.externaltools.gnu-tools-for-stm32.12.3.rel1.win32_1.0.100.202403111256/tools/bin/../lib/gcc/arm-none-eabi/12.3.1/../../../../arm-none-eabi/lib/thumb/v7-m/nofp\libc_nano.a(libc_a-init.o)

.debug_line_str
                0x00000000       0x48
 .debug_line_str
                0x00000000       0x48 ./Core/Startup/startup_stm32f103vetx.o
