Archive member included to satisfy reference by file (symbol)

C:/ST/STM32CubeIDE_1.15.1/STM32CubeIDE/plugins/com.st.stm32cube.ide.mcu.externaltools.gnu-tools-for-stm32.12.3.rel1.win32_1.0.100.202403111256/tools/bin/../lib/gcc/arm-none-eabi/12.3.1/../../../../arm-none-eabi/lib/thumb/v7-m/nofp\libc_nano.a(libc_a-exit.o)
                              C:/ST/STM32CubeIDE_1.15.1/STM32CubeIDE/plugins/com.st.stm32cube.ide.mcu.externaltools.gnu-tools-for-stm32.12.3.rel1.win32_1.0.100.202403111256/tools/bin/../lib/gcc/arm-none-eabi/12.3.1/../../../../arm-none-eabi/lib/thumb/v7-m/nofp/crt0.o (exit)
C:/ST/STM32CubeIDE_1.15.1/STM32CubeIDE/plugins/com.st.stm32cube.ide.mcu.externaltools.gnu-tools-for-stm32.12.3.rel1.win32_1.0.100.202403111256/tools/bin/../lib/gcc/arm-none-eabi/12.3.1/../../../../arm-none-eabi/lib/thumb/v7-m/nofp\libc_nano.a(libc_a-findfp.o)
                              C:/ST/STM32CubeIDE_1.15.1/STM32CubeIDE/plugins/com.st.stm32cube.ide.mcu.externaltools.gnu-tools-for-stm32.12.3.rel1.win32_1.0.100.202403111256/tools/bin/../lib/gcc/arm-none-eabi/12.3.1/../../../../arm-none-eabi/lib/thumb/v7-m/nofp\libc_nano.a(libc_a-exit.o) (__stdio_exit_handler)
C:/ST/STM32CubeIDE_1.15.1/STM32CubeIDE/plugins/com.st.stm32cube.ide.mcu.externaltools.gnu-tools-for-stm32.12.3.rel1.win32_1.0.100.202403111256/tools/bin/../lib/gcc/arm-none-eabi/12.3.1/../../../../arm-none-eabi/lib/thumb/v7-m/nofp\libc_nano.a(libc_a-fwalk.o)
                              C:/ST/STM32CubeIDE_1.15.1/STM32CubeIDE/plugins/com.st.stm32cube.ide.mcu.externaltools.gnu-tools-for-stm32.12.3.rel1.win32_1.0.100.202403111256/tools/bin/../lib/gcc/arm-none-eabi/12.3.1/../../../../arm-none-eabi/lib/thumb/v7-m/nofp\libc_nano.a(libc_a-findfp.o) (_fwalk_sglue)
C:/ST/STM32CubeIDE_1.15.1/STM32CubeIDE/plugins/com.st.stm32cube.ide.mcu.externaltools.gnu-tools-for-stm32.12.3.rel1.win32_1.0.100.202403111256/tools/bin/../lib/gcc/arm-none-eabi/12.3.1/../../../../arm-none-eabi/lib/thumb/v7-m/nofp\libc_nano.a(libc_a-stdio.o)
                              C:/ST/STM32CubeIDE_1.15.1/STM32CubeIDE/plugins/com.st.stm32cube.ide.mcu.externaltools.gnu-tools-for-stm32.12.3.rel1.win32_1.0.100.202403111256/tools/bin/../lib/gcc/arm-none-eabi/12.3.1/../../../../arm-none-eabi/lib/thumb/v7-m/nofp\libc_nano.a(libc_a-findfp.o) (__sread)
C:/ST/STM32CubeIDE_1.15.1/STM32CubeIDE/plugins/com.st.stm32cube.ide.mcu.externaltools.gnu-tools-for-stm32.12.3.rel1.win32_1.0.100.202403111256/tools/bin/../lib/gcc/arm-none-eabi/12.3.1/../../../../arm-none-eabi/lib/thumb/v7-m/nofp\libc_nano.a(libc_a-memset.o)
                              C:/ST/STM32CubeIDE_1.15.1/STM32CubeIDE/plugins/com.st.stm32cube.ide.mcu.externaltools.gnu-tools-for-stm32.12.3.rel1.win32_1.0.100.202403111256/tools/bin/../lib/gcc/arm-none-eabi/12.3.1/../../../../arm-none-eabi/lib/thumb/v7-m/nofp/crt0.o (memset)
C:/ST/STM32CubeIDE_1.15.1/STM32CubeIDE/plugins/com.st.stm32cube.ide.mcu.externaltools.gnu-tools-for-stm32.12.3.rel1.win32_1.0.100.202403111256/tools/bin/../lib/gcc/arm-none-eabi/12.3.1/../../../../arm-none-eabi/lib/thumb/v7-m/nofp\libc_nano.a(libc_a-closer.o)
                              C:/ST/STM32CubeIDE_1.15.1/STM32CubeIDE/plugins/com.st.stm32cube.ide.mcu.externaltools.gnu-tools-for-stm32.12.3.rel1.win32_1.0.100.202403111256/tools/bin/../lib/gcc/arm-none-eabi/12.3.1/../../../../arm-none-eabi/lib/thumb/v7-m/nofp\libc_nano.a(libc_a-stdio.o) (_close_r)
C:/ST/STM32CubeIDE_1.15.1/STM32CubeIDE/plugins/com.st.stm32cube.ide.mcu.externaltools.gnu-tools-for-stm32.12.3.rel1.win32_1.0.100.202403111256/tools/bin/../lib/gcc/arm-none-eabi/12.3.1/../../../../arm-none-eabi/lib/thumb/v7-m/nofp\libc_nano.a(libc_a-reent.o)
                              C:/ST/STM32CubeIDE_1.15.1/STM32CubeIDE/plugins/com.st.stm32cube.ide.mcu.externaltools.gnu-tools-for-stm32.12.3.rel1.win32_1.0.100.202403111256/tools/bin/../lib/gcc/arm-none-eabi/12.3.1/../../../../arm-none-eabi/lib/thumb/v7-m/nofp\libc_nano.a(libc_a-closer.o) (errno)
C:/ST/STM32CubeIDE_1.15.1/STM32CubeIDE/plugins/com.st.stm32cube.ide.mcu.externaltools.gnu-tools-for-stm32.12.3.rel1.win32_1.0.100.202403111256/tools/bin/../lib/gcc/arm-none-eabi/12.3.1/../../../../arm-none-eabi/lib/thumb/v7-m/nofp\libc_nano.a(libc_a-impure.o)
                              C:/ST/STM32CubeIDE_1.15.1/STM32CubeIDE/plugins/com.st.stm32cube.ide.mcu.externaltools.gnu-tools-for-stm32.12.3.rel1.win32_1.0.100.202403111256/tools/bin/../lib/gcc/arm-none-eabi/12.3.1/../../../../arm-none-eabi/lib/thumb/v7-m/nofp\libc_nano.a(libc_a-reent.o) (_impure_ptr)
C:/ST/STM32CubeIDE_1.15.1/STM32CubeIDE/plugins/com.st.stm32cube.ide.mcu.externaltools.gnu-tools-for-stm32.12.3.rel1.win32_1.0.100.202403111256/tools/bin/../lib/gcc/arm-none-eabi/12.3.1/../../../../arm-none-eabi/lib/thumb/v7-m/nofp\libc_nano.a(libc_a-lseekr.o)
[...]
Memory Configuration

Name             Origin             Length             Attributes
RAM              0x20000000         0x00010000         xrw
FLASH            0x08000000         0x00080000         xr
*default*        0x00000000         0xffffffff

Linker script and memory map

LOAD C:/ST/STM32CubeIDE_1.15.1/STM32CubeIDE/plugins/com.st.stm32cube.ide.mcu.externaltools.gnu-tools-for-stm32.12.3.rel1.win32_1.0.100.202403111256/tools/bin/../lib/gcc/arm-none-eabi/12.3.1/thumb/v7-m/nofp/crti.o
LOAD C:/ST/STM32CubeIDE_1.15.1/STM32CubeIDE/plugins/com.st.stm32cube.ide.mcu.externaltools.gnu-tools-for-stm32.12.3.rel1.win32_1.0.100.202403111256/tools/bin/../lib/gcc/arm-none-eabi/12.3.1/thumb/v7-m/nofp/crtbegin.o
LOAD C:/ST/STM32CubeIDE_1.15.1/STM32CubeIDE/plugins/com.st.stm32cube.ide.mcu.externaltools.gnu-tools-for-stm32.12.3.rel1.win32_1.0.100.202403111256/tools/bin/../lib/gcc/arm-none-eabi/12.3.1/../../../../arm-none-eabi/lib/thumb/v7-m/nofp/crt0.o
LOAD ./Core/Src/main.o
LOAD ./Core/Src/read.o
LOAD ./Core/Src/stm32f1xx_hal_msp.o
LOAD ./Core/Src/stm32f1xx_it.o
LOAD ./Core/Src/syscalls.o
LOAD ./Core/Src/sysmem.o
LOAD ./Core/Src/system_stm32f1xx.o
LOAD ./Core/Startup/startup_stm32f103vetx.o
LOAD ./Drivers/STM32F1xx_HAL_Driver/Src/stm32f1xx_hal.o
LOAD ./Drivers/STM32F1xx_HAL_Driver/Src/stm32f1xx_hal_cortex.o
LOAD ./Drivers/STM32F1xx_HAL_Driver/Src/stm32f1xx_hal_dma.o
LOAD ./Drivers/STM32F1xx_HAL_Driver/Src/stm32f1xx_hal_exti.o
LOAD ./Drivers/STM32F1xx_HAL_Driver/Src/stm32f1xx_hal_flash.o
LOAD ./Drivers/STM32F1xx_HAL_Driver/Src/stm32f1xx_hal_flash_ex.o
LOAD ./Drivers/STM32F1xx_HAL_Driver/Src/stm32f1xx_hal_gpio.o
LOAD ./Drivers/STM32F1xx_HAL_Driver/Src/stm32f1xx_hal_gpio_ex.o
LOAD ./Drivers/STM32F1xx_HAL_Driver/Src/stm32f1xx_hal_pwr.o
LOAD ./Drivers/STM32F1xx_HAL_Driver/Src/stm32f1xx_hal_rcc.o
LOAD ./Drivers/STM32F1xx_HAL_Driver/Src/stm32f1xx_hal_rcc_ex.o
LOAD ./Drivers/STM32F1xx_HAL_Driver/Src/stm32f1xx_hal_tim.o
LOAD ./Drivers/STM32F1xx_HAL_Driver/Src/stm32f1xx_hal_tim_ex.o
LOAD ./Drivers/STM32F1xx_HAL_Driver/Src/stm32f1xx_hal_uart.o
START GROUP
LOAD C:/ST/STM32CubeIDE_1.15.1/STM32CubeIDE/plugins/com.st.stm32cube.ide.mcu.externaltools.gnu-tools-for-stm32.12.3.rel1.win32_1.0.100.202403111256/tools/bin/../lib/gcc/arm-none-eabi/12.3.1/../../../../arm-none-eabi/lib/thumb/v7-m/nofp\libc_nano.a
LOAD C:/ST/STM32CubeIDE_1.15.1/STM32CubeIDE/plugins/com.st.stm32cube.ide.mcu.externaltools.gnu-tools-for-stm32.12.3.rel1.win32_1.0.100.202403111256/tools/bin/../lib/gcc/arm-none-eabi/12.3.1/../../../../arm-none-eabi/lib/thumb/v7-m/nofp\libm.a
END GROUP
START GROUP
LOAD C:/ST/STM32CubeIDE_1.15.1/STM32CubeIDE/plugins/com.st.stm32cube.ide.mcu.externaltools.gnu-tools-for-stm32.12.3.rel1.win32_1.0.100.202403111256/tools/bin/../lib/gcc/arm-none-eabi/12.3.1/thumb/v7-m/nofp\libgcc.a
LOAD C:/ST/STM32CubeIDE_1.15.1/STM32CubeIDE/plugins/com.st.stm32cube.ide.mcu.externaltools.gnu-tools-for-stm32.12.3.rel1.win32_1.0.100.202403111256/tools/bin/../lib/gcc/arm-none-eabi/12.3.1/../../../../arm-none-eabi/lib/thumb/v7-m/nofp\libc_nano.a
END GROUP
START GROUP
LOAD C:/ST/STM32CubeIDE_1.15.1/STM32CubeIDE/plugins/com.st.stm32cube.ide.mcu.externaltools.gnu-tools-for-stm32.12.3.rel1.win32_1.0.100.202403111256/tools/bin/../lib/gcc/arm-none-eabi/12.3.1/thumb/v7-m/nofp\libgcc.a
LOAD C:/ST/STM32CubeIDE_1.15.1/STM32CubeIDE/plugins/com.st.stm32cube.ide.mcu.externaltools.gnu-tools-for-stm32.12.3.rel1.win32_1.0.100.202403111256/tools/bin/../lib/gcc/arm-none-eabi/12.3.1/../../../../arm-none-eabi/lib/thumb/v7-m/nofp\libc_nano.a
LOAD C:/ST/STM32CubeIDE_1.15.1/STM32CubeIDE/plugins/com.st.stm32cube.ide.mcu.externaltools.gnu-tools-for-stm32.12.3.rel1.win32_1.0.100.202403111256/tools/bin/../lib/gcc/arm-none-eabi/12.3.1/../../../../arm-none-eabi/lib/thumb/v7-m/nofp\libnosys.a
END GROUP
START GROUP
LOAD C:/ST/STM32CubeIDE_1.15.1/STM32CubeIDE/plugins/com.st.stm32cube.ide.mcu.externaltools.gnu-tools-for-stm32.12.3.rel1.win32_1.0.100.202403111256/tools/bin/../lib/gcc/arm-none-eabi/12.3.1/thumb/v7-m/nofp\libgcc.a
LOAD C:/ST/STM32CubeIDE_1.15.1/STM32CubeIDE/plugins/com.st.stm32cube.ide.mcu.externaltools.gnu-tools-for-stm32.12.3.rel1.win32_1.0.100.202403111256/tools/bin/../lib/gcc/arm-none-eabi/12.3.1/../../../../arm-none-eabi/lib/thumb/v7-m/nofp\libc_nano.a
LOAD C:/ST/STM32CubeIDE_1.15.1/STM32CubeIDE/plugins/com.st.stm32cube.ide.mcu.externaltools.gnu-tools-for-stm32.12.3.rel1.win32_1.0.100.202403111256/tools/bin/../lib/gcc/arm-none-eabi/12.3.1/../../../../arm-none-eabi/lib/thumb/v7-m/nofp\libnosys.a
END GROUP
LOAD C:/ST/STM32CubeIDE_1.15.1/STM32CubeIDE/plugins/com.st.stm32cube.ide.mcu.externaltools.gnu-tools-for-stm32.12.3.rel1.win32_1.0.100.202403111256/tools/bin/../lib/gcc/arm-none-eabi/12.3.1/thumb/v7-m/nofp/crtend.o
LOAD C:/ST/STM32CubeIDE_1.15.1/STM32CubeIDE/plugins/com.st.stm32cube.ide.mcu.externaltools.gnu-tools-for-stm32.12.3.rel1.win32_1.0.100.202403111256/tools/bin/../lib/gcc/arm-none-eabi/12.3.1/thumb/v7-m/nofp/crtn.o
                0x20010000                        _estack = (ORIGIN (RAM) + LENGTH (RAM))
                0x00000200                        _Min_Heap_Size = 0x200
                0x00000400                        _Min_Stack_Size = 0x400

.isr_vector     0x08000000      0x1e4
                0x08000000                        . = ALIGN (0x4)
 *(.isr_vector)
 .isr_vector    0x08000000      0x1e4 ./Core/Startup/startup_stm32f103vetx.o
                0x08000000                g_pfnVectors
                0x080001e4                        . = ALIGN (0x4)

.text           0x080001e4     0x5884
                0x080001e4                        . = ALIGN (0x4)
 *(.text)
 .text          0x080001e4       0x40 C:/ST/STM32CubeIDE_1.15.1/STM32CubeIDE/plugins/com.st.stm32cube.ide.mcu.externaltools.gnu-tools-for-stm32.12.3.rel1.win32_1.0.100.202403111256/tools/bin/../lib/gcc/arm-none-eabi/12.3.1/thumb/v7-m/nofp/crtbegin.o
 *(.text*)
 .text.HAL_GPIO_EXTI_Callback
                0x08000224      0x11c ./Core/Src/main.o
                0x08000224                HAL_GPIO_EXTI_Callback
 .text.HAL_TIM_IC_CaptureCallback
                0x08000340      0x19c ./Core/Src/main.o
                0x08000340                HAL_TIM_IC_CaptureCallback
 .text.main     0x080004dc       0x8c ./Core/Src/main.o
                0x080004dc                main
 .text.SystemClock_Config
                0x08000568       0x8a ./Core/Src/main.o
                0x08000568                SystemClock_Config
 *fill*         0x080005f2        0x2 
 .text.MX_TIM1_Init
                0x080005f4       0xa0 ./Core/Src/main.o
 .text.MX_TIM2_Init
                0x08000694       0xe0 ./Core/Src/main.o
 .text.MX_TIM3_Init
                0x08000774      0x118 ./Core/Src/main.o
 .text.MX_TIM5_Init
                0x0800088c       0xe0 ./Core/Src/main.o
 .text.MX_TIM6_Init
                0x0800096c       0x6c ./Core/Src/main.o
 .text.MX_USART1_UART_Init
                0x080009d8       0x54 ./Core/Src/main.o
 .text.MX_GPIO_Init
                0x08000a2c      0x288 ./Core/Src/main.o
 .text.HAL_TIM_PeriodElapsedCallback
                0x08000cb4       0x2c ./Core/Src/main.o
                0x08000cb4                HAL_TIM_PeriodElapsedCallback
 .text.Error_Handler
                0x08000ce0        0xc ./Core/Src/main.o
                0x08000ce0                Error_Handler
 .text.map      0x08000cec       0x4a ./Core/Src/read.o
                0x08000cec                map
 .text.media_filter
                0x08000d36       0xc2 ./Core/Src/read.o
                0x08000d36                media_filter
 .text.read_pwm
                0x08000df8      0xb28 ./Core/Src/read.o
                0x08000df8                read_pwm
 .text.convert  0x08001920      0x328 ./Core/Src/read.o
                0x08001920                convert
 .text.direction
                0x08001c48       0xc4 ./Core/Src/read.o
                0x08001c48                direction
 .text.Status_SS
                0x08001d0c      0x9e0 ./Core/Src/read.o
                0x08001d0c                Status_SS
 .text.control  0x080026ec      0x654 ./Core/Src/read.o
                0x080026ec                control
 .text.HAL_MspInit
                0x08002d40       0x64 ./Core/Src/stm32f1xx_hal_msp.o
                0x08002d40                HAL_MspInit
 .text.HAL_TIM_Base_MspInit
                0x08002da4      0x178 ./Core/Src/stm32f1xx_hal_msp.o
                0x08002da4                HAL_TIM_Base_MspInit
 .text.HAL_TIM_MspPostInit
                0x08002f1c       0x98 ./Core/Src/stm32f1xx_hal_msp.o
                0x08002f1c                HAL_TIM_MspPostInit
 .text.HAL_UART_MspInit
                0x08002fb4       0x98 ./Core/Src/stm32f1xx_hal_msp.o
                0x08002fb4                HAL_UART_MspInit
 .text.NMI_Handler
                0x0800304c        0x8 ./Core/Src/stm32f1xx_it.o
                0x0800304c                NMI_Handler
 .text.HardFault_Handler
                0x08003054        0x8 ./Core/Src/stm32f1xx_it.o
                0x08003054                HardFault_Handler
 .text.MemManage_Handler
                0x0800305c        0x8 ./Core/Src/stm32f1xx_it.o
                0x0800305c                MemManage_Handler
 .text.BusFault_Handler
                0x08003064        0x8 ./Core/Src/stm32f1xx_it.o
                0x08003064                BusFault_Handler
 .text.UsageFault_Handler
                0x0800306c        0x8 ./Core/Src/stm32f1xx_it.o
                0x0800306c                UsageFault_Handler
 .text.SVC_Handler
                0x08003074        0xc ./Core/Src/stm32f1xx_it.o
                0x08003074                SVC_Handler
 .text.DebugMon_Handler
                0x08003080        0xc ./Core/Src/stm32f1xx_it.o
                0x08003080                DebugMon_Handler
 .text.PendSV_Handler
                0x0800308c        0xc ./Core/Src/stm32f1xx_it.o
                0x0800308c                PendSV_Handler
 .text.SysTick_Handler
                0x08003098        0xc ./Core/Src/stm32f1xx_it.o
                0x08003098                SysTick_Handler
 .text.EXTI0_IRQHandler
                0x080030a4        0xe ./Core/Src/stm32f1xx_it.o
                0x080030a4                EXTI0_IRQHandler
 .text.EXTI2_IRQHandler
                0x080030b2        0xe ./Core/Src/stm32f1xx_it.o
                0x080030b2                EXTI2_IRQHandler
 .text.EXTI3_IRQHandler
                0x080030c0        0xe ./Core/Src/stm32f1xx_it.o
                0x080030c0                EXTI3_IRQHandler
 .text.EXTI4_IRQHandler
                0x080030ce        0xe ./Core/Src/stm32f1xx_it.o
                0x080030ce                EXTI4_IRQHandler
 .text.EXTI9_5_IRQHandler
                0x080030dc       0x2a ./Core/Src/stm32f1xx_it.o
                0x080030dc                EXTI9_5_IRQHandler
 *fill*         0x08003106        0x2 
 .text.TIM2_IRQHandler
                0x08003108       0x14 ./Core/Src/stm32f1xx_it.o
                0x08003108                TIM2_IRQHandler
 .text.EXTI15_10_IRQHandler
                0x0800311c       0x38 ./Core/Src/stm32f1xx_it.o
                0x0800311c                EXTI15_10_IRQHandler
 .text.TIM5_IRQHandler
                0x08003154       0x14 ./Core/Src/stm32f1xx_it.o
                0x08003154                TIM5_IRQHandler
 .text.TIM6_IRQHandler
                0x08003168       0x14 ./Core/Src/stm32f1xx_it.o
                0x08003168                TIM6_IRQHandler
 .text.SystemInit
                0x0800317c        0xc ./Core/Src/system_stm32f1xx.o
                0x0800317c                SystemInit
 .text.Reset_Handler
                0x08003188       0x48 ./Core/Startup/startup_stm32f103vetx.o
                0x08003188                Reset_Handler
 .text.Default_Handler
                0x080031d0        0x2 ./Core/Startup/startup_stm32f103vetx.o
                0x080031d0                RTC_Alarm_IRQHandler
                0x080031d0                TIM8_TRG_COM_IRQHandler
                0x080031d0                TIM8_CC_IRQHandler
                0x080031d0                TIM1_CC_IRQHandler
                0x080031d0                PVD_IRQHandler
                0x080031d0                SDIO_IRQHandler
                0x080031d0                I2C2_EV_IRQHandler
                0x080031d0                ADC1_2_IRQHandler
                0x080031d0                SPI1_IRQHandler
                0x080031d0                TAMPER_IRQHandler
                0x080031d0                TIM8_UP_IRQHandler
                0x080031d0                DMA2_Channel2_IRQHandler
                0x080031d0                DMA1_Channel4_IRQHandler
                0x080031d0                USART3_IRQHandler
                0x080031d0                RTC_IRQHandler
                0x080031d0                DMA1_Channel7_IRQHandler
                0x080031d0                CAN1_RX1_IRQHandler
                0x080031d0                UART5_IRQHandler
                0x080031d0                ADC3_IRQHandler
                0x080031d0                TIM4_IRQHandler
                0x080031d0                DMA2_Channel1_IRQHandler
                0x080031d0                I2C1_EV_IRQHandler
                0x080031d0                DMA1_Channel6_IRQHandler
                0x080031d0                UART4_IRQHandler
                0x080031d0                TIM3_IRQHandler
                0x080031d0                RCC_IRQHandler
                0x080031d0                TIM1_TRG_COM_IRQHandler
                0x080031d0                DMA1_Channel1_IRQHandler
                0x080031d0                Default_Handler
                0x080031d0                TIM7_IRQHandler
                0x080031d0                SPI2_IRQHandler
                0x080031d0                DMA1_Channel5_IRQHandler
                0x080031d0                USB_LP_CAN1_RX0_IRQHandler
                0x080031d0                USB_HP_CAN1_TX_IRQHandler
                0x080031d0                DMA1_Channel3_IRQHandler
                0x080031d0                FSMC_IRQHandler
                0x080031d0                TIM1_UP_IRQHandler
                0x080031d0                WWDG_IRQHandler
                0x080031d0                TIM1_BRK_IRQHandler
                0x080031d0                EXTI1_IRQHandler
                0x080031d0                DMA2_Channel4_5_IRQHandler
                0x080031d0                USART2_IRQHandler
                0x080031d0                I2C2_ER_IRQHandler
                0x080031d0                DMA1_Channel2_IRQHandler
                0x080031d0                TIM8_BRK_IRQHandler
                0x080031d0                CAN1_SCE_IRQHandler
                0x080031d0                FLASH_IRQHandler
                0x080031d0                USART1_IRQHandler
                0x080031d0                SPI3_IRQHandler
                0x080031d0                I2C1_ER_IRQHandler
                0x080031d0                USBWakeUp_IRQHandler
                0x080031d0                DMA2_Channel3_IRQHandler
 *fill*         0x080031d2        0x2 
 .text.HAL_Init
                0x080031d4       0x2c ./Drivers/STM32F1xx_HAL_Driver/Src/stm32f1xx_hal.o
                0x080031d4                HAL_Init
 .text.HAL_InitTick
                0x08003200       0x60 ./Drivers/STM32F1xx_HAL_Driver/Src/stm32f1xx_hal.o
                0x08003200                HAL_InitTick
 .text.HAL_IncTick
                0x08003260       0x24 ./Drivers/STM32F1xx_HAL_Driver/Src/stm32f1xx_hal.o
                0x08003260                HAL_IncTick
 .text.HAL_GetTick
                0x08003284       0x14 ./Drivers/STM32F1xx_HAL_Driver/Src/stm32f1xx_hal.o
                0x08003284                HAL_GetTick
 .text.HAL_Delay
                0x08003298       0x48 ./Drivers/STM32F1xx_HAL_Driver/Src/stm32f1xx_hal.o
                0x08003298                HAL_Delay
 .text.__NVIC_SetPriorityGrouping
                0x080032e0       0x48 ./Drivers/STM32F1xx_HAL_Driver/Src/stm32f1xx_hal_cortex.o
 .text.__NVIC_GetPriorityGrouping
                0x08003328       0x1c ./Drivers/STM32F1xx_HAL_Driver/Src/stm32f1xx_hal_cortex.o
 .text.__NVIC_EnableIRQ
                0x08003344       0x38 ./Drivers/STM32F1xx_HAL_Driver/Src/stm32f1xx_hal_cortex.o
 .text.__NVIC_SetPriority
                0x0800337c       0x54 ./Drivers/STM32F1xx_HAL_Driver/Src/stm32f1xx_hal_cortex.o
 .text.NVIC_EncodePriority
                0x080033d0       0x64 ./Drivers/STM32F1xx_HAL_Driver/Src/stm32f1xx_hal_cortex.o
 .text.SysTick_Config
                0x08003434       0x44 ./Drivers/STM32F1xx_HAL_Driver/Src/stm32f1xx_hal_cortex.o
 .text.HAL_NVIC_SetPriorityGrouping
                0x08003478       0x16 ./Drivers/STM32F1xx_HAL_Driver/Src/stm32f1xx_hal_cortex.o
                0x08003478                HAL_NVIC_SetPriorityGrouping
 .text.HAL_NVIC_SetPriority
                0x0800348e       0x38 ./Drivers/STM32F1xx_HAL_Driver/Src/stm32f1xx_hal_cortex.o
                0x0800348e                HAL_NVIC_SetPriority
 .text.HAL_NVIC_EnableIRQ
                0x080034c6       0x1c ./Drivers/STM32F1xx_HAL_Driver/Src/stm32f1xx_hal_cortex.o
                0x080034c6                HAL_NVIC_EnableIRQ
 .text.HAL_SYSTICK_Config
                0x080034e2       0x18 ./Drivers/STM32F1xx_HAL_Driver/Src/stm32f1xx_hal_cortex.o
                0x080034e2                HAL_SYSTICK_Config
 *fill*         0x080034fa        0x2 
 .text.HAL_GPIO_Init
                0x080034fc      0x328 ./Drivers/STM32F1xx_HAL_Driver/Src/stm32f1xx_hal_gpio.o
                0x080034fc                HAL_GPIO_Init
 .text.HAL_GPIO_ReadPin
                0x08003824       0x2e ./Drivers/STM32F1xx_HAL_Driver/Src/stm32f1xx_hal_gpio.o
                0x08003824                HAL_GPIO_ReadPin
 .text.HAL_GPIO_WritePin
                0x08003852       0x30 ./Drivers/STM32F1xx_HAL_Driver/Src/stm32f1xx_hal_gpio.o
                0x08003852                HAL_GPIO_WritePin
 *fill*         0x08003882        0x2 
 .text.HAL_GPIO_EXTI_IRQHandler
                0x08003884       0x30 ./Drivers/STM32F1xx_HAL_Driver/Src/stm32f1xx_hal_gpio.o
                0x08003884                HAL_GPIO_EXTI_IRQHandler
 .text.HAL_RCC_OscConfig
                0x080038b4      0x504 ./Drivers/STM32F1xx_HAL_Driver/Src/stm32f1xx_hal_rcc.o
                0x080038b4                HAL_RCC_OscConfig
 .text.HAL_RCC_ClockConfig
                0x08003db8      0x1d4 ./Drivers/STM32F1xx_HAL_Driver/Src/stm32f1xx_hal_rcc.o
                0x08003db8                HAL_RCC_ClockConfig
 .text.HAL_RCC_GetSysClockFreq
                0x08003f8c       0xa8 ./Drivers/STM32F1xx_HAL_Driver/Src/stm32f1xx_hal_rcc.o
                0x08003f8c                HAL_RCC_GetSysClockFreq
 .text.HAL_RCC_GetHCLKFreq
                0x08004034       0x14 ./Drivers/STM32F1xx_HAL_Driver/Src/stm32f1xx_hal_rcc.o
                0x08004034                HAL_RCC_GetHCLKFreq
 .text.HAL_RCC_GetPCLK1Freq
                0x08004048       0x28 ./Drivers/STM32F1xx_HAL_Driver/Src/stm32f1xx_hal_rcc.o
                0x08004048                HAL_RCC_GetPCLK1Freq
 .text.HAL_RCC_GetPCLK2Freq
                0x08004070       0x28 ./Drivers/STM32F1xx_HAL_Driver/Src/stm32f1xx_hal_rcc.o
                0x08004070                HAL_RCC_GetPCLK2Freq
 .text.RCC_Delay
                0x08004098       0x3c ./Drivers/STM32F1xx_HAL_Driver/Src/stm32f1xx_hal_rcc.o
 .text.HAL_TIM_Base_Init
                0x080040d4       0x9e ./Drivers/STM32F1xx_HAL_Driver/Src/stm32f1xx_hal_tim.o
                0x080040d4                HAL_TIM_Base_Init
 *fill*         0x08004172        0x2 
 .text.HAL_TIM_Base_Start
                0x08004174       0xb0 ./Drivers/STM32F1xx_HAL_Driver/Src/stm32f1xx_hal_tim.o
                0x08004174                HAL_TIM_Base_Start
 .text.HAL_TIM_Base_Start_IT
                0x08004224       0xc0 ./Drivers/STM32F1xx_HAL_Driver/Src/stm32f1xx_hal_tim.o
                0x08004224                HAL_TIM_Base_Start_IT
 .text.HAL_TIM_Base_Stop_IT
                0x080042e4       0x5c ./Drivers/STM32F1xx_HAL_Driver/Src/stm32f1xx_hal_tim.o
                0x080042e4                HAL_TIM_Base_Stop_IT
 .text.HAL_TIM_PWM_Init
                0x08004340       0x9e ./Drivers/STM32F1xx_HAL_Driver/Src/stm32f1xx_hal_tim.o
                0x08004340                HAL_TIM_PWM_Init
 .text.HAL_TIM_PWM_MspInit
                0x080043de       0x12 ./Drivers/STM32F1xx_HAL_Driver/Src/stm32f1xx_hal_tim.o
                0x080043de                HAL_TIM_PWM_MspInit
 .text.HAL_TIM_PWM_Start
                0x080043f0      0x174 ./Drivers/STM32F1xx_HAL_Driver/Src/stm32f1xx_hal_tim.o
                0x080043f0                HAL_TIM_PWM_Start
 .text.HAL_TIM_IC_Init
                0x08004564       0x9e ./Drivers/STM32F1xx_HAL_Driver/Src/stm32f1xx_hal_tim.o
                0x08004564                HAL_TIM_IC_Init
 .text.HAL_TIM_IC_MspInit
                0x08004602       0x12 ./Drivers/STM32F1xx_HAL_Driver/Src/stm32f1xx_hal_tim.o
                0x08004602                HAL_TIM_IC_MspInit
 .text.HAL_TIM_IC_Start_IT
                0x08004614      0x234 ./Drivers/STM32F1xx_HAL_Driver/Src/stm32f1xx_hal_tim.o
                0x08004614                HAL_TIM_IC_Start_IT
 .text.HAL_TIM_IRQHandler
                0x08004848      0x1e0 ./Drivers/STM32F1xx_HAL_Driver/Src/stm32f1xx_hal_tim.o
                0x08004848                HAL_TIM_IRQHandler
 .text.HAL_TIM_IC_ConfigChannel
                0x08004a28      0x138 ./Drivers/STM32F1xx_HAL_Driver/Src/stm32f1xx_hal_tim.o
                0x08004a28                HAL_TIM_IC_ConfigChannel
 .text.HAL_TIM_PWM_ConfigChannel
                0x08004b60      0x184 ./Drivers/STM32F1xx_HAL_Driver/Src/stm32f1xx_hal_tim.o
                0x08004b60                HAL_TIM_PWM_ConfigChannel
 .text.HAL_TIM_ConfigClockSource
                0x08004ce4      0x18e ./Drivers/STM32F1xx_HAL_Driver/Src/stm32f1xx_hal_tim.o
                0x08004ce4                HAL_TIM_ConfigClockSource
 *fill*         0x08004e72        0x2 
 .text.HAL_TIM_ReadCapturedValue
                0x08004e74       0x88 ./Drivers/STM32F1xx_HAL_Driver/Src/stm32f1xx_hal_tim.o
                0x08004e74                HAL_TIM_ReadCapturedValue
 .text.HAL_TIM_OC_DelayElapsedCallback
                0x08004efc       0x12 ./Drivers/STM32F1xx_HAL_Driver/Src/stm32f1xx_hal_tim.o
                0x08004efc                HAL_TIM_OC_DelayElapsedCallback
 .text.HAL_TIM_PWM_PulseFinishedCallback
                0x08004f0e       0x12 ./Drivers/STM32F1xx_HAL_Driver/Src/stm32f1xx_hal_tim.o
                0x08004f0e                HAL_TIM_PWM_PulseFinishedCallback
 .text.HAL_TIM_TriggerCallback
                0x08004f20       0x12 ./Drivers/STM32F1xx_HAL_Driver/Src/stm32f1xx_hal_tim.o
                0x08004f20                HAL_TIM_TriggerCallback
 *fill*         0x08004f32        0x2 
 .text.TIM_Base_SetConfig
                0x08004f34      0x10c ./Drivers/STM32F1xx_HAL_Driver/Src/stm32f1xx_hal_tim.o
                0x08004f34                TIM_Base_SetConfig
 .text.TIM_OC1_SetConfig
                0x08005040       0xe0 ./Drivers/STM32F1xx_HAL_Driver/Src/stm32f1xx_hal_tim.o
 .text.TIM_OC2_SetConfig
                0x08005120       0xe8 ./Drivers/STM32F1xx_HAL_Driver/Src/stm32f1xx_hal_tim.o
                0x08005120                TIM_OC2_SetConfig
 .text.TIM_OC3_SetConfig
                0x08005208       0xe8 ./Drivers/STM32F1xx_HAL_Driver/Src/stm32f1xx_hal_tim.o
 .text.TIM_OC4_SetConfig
                0x080052f0       0xa8 ./Drivers/STM32F1xx_HAL_Driver/Src/stm32f1xx_hal_tim.o
 .text.TIM_TI1_SetConfig
                0x08005398       0xcc ./Drivers/STM32F1xx_HAL_Driver/Src/stm32f1xx_hal_tim.o
                0x08005398                TIM_TI1_SetConfig
 .text.TIM_TI1_ConfigInputStage
                0x08005464       0x5c ./Drivers/STM32F1xx_HAL_Driver/Src/stm32f1xx_hal_tim.o
 .text.TIM_TI2_SetConfig
                0x080054c0       0x78 ./Drivers/STM32F1xx_HAL_Driver/Src/stm32f1xx_hal_tim.o
 .text.TIM_TI2_ConfigInputStage
                0x08005538       0x5e ./Drivers/STM32F1xx_HAL_Driver/Src/stm32f1xx_hal_tim.o
 .text.TIM_TI3_SetConfig
                0x08005596       0x76 ./Drivers/STM32F1xx_HAL_Driver/Src/stm32f1xx_hal_tim.o
 .text.TIM_TI4_SetConfig
                0x0800560c       0x78 ./Drivers/STM32F1xx_HAL_Driver/Src/stm32f1xx_hal_tim.o
 .text.TIM_ITRx_SetConfig
                0x08005684       0x34 ./Drivers/STM32F1xx_HAL_Driver/Src/stm32f1xx_hal_tim.o
 .text.TIM_ETR_SetConfig
                0x080056b8       0x3e ./Drivers/STM32F1xx_HAL_Driver/Src/stm32f1xx_hal_tim.o
                0x080056b8                TIM_ETR_SetConfig
 .text.TIM_CCxChannelCmd
                0x080056f6       0x48 ./Drivers/STM32F1xx_HAL_Driver/Src/stm32f1xx_hal_tim.o
                0x080056f6                TIM_CCxChannelCmd
 *fill*         0x0800573e        0x2 
 .text.HAL_TIMEx_MasterConfigSynchronization
                0x08005740       0xd8 ./Drivers/STM32F1xx_HAL_Driver/Src/stm32f1xx_hal_tim_ex.o
                0x08005740                HAL_TIMEx_MasterConfigSynchronization
 .text.HAL_TIMEx_CommutCallback
                0x08005818       0x12 ./Drivers/STM32F1xx_HAL_Driver/Src/stm32f1xx_hal_tim_ex.o
                0x08005818                HAL_TIMEx_CommutCallback
 .text.HAL_TIMEx_BreakCallback
                0x0800582a       0x12 ./Drivers/STM32F1xx_HAL_Driver/Src/stm32f1xx_hal_tim_ex.o
                0x0800582a                HAL_TIMEx_BreakCallback
 .text.HAL_UART_Init
                0x0800583c       0xa0 ./Drivers/STM32F1xx_HAL_Driver/Src/stm32f1xx_hal_uart.o
                0x0800583c                HAL_UART_Init
 .text.UART_SetConfig
                0x080058dc      0x11c ./Drivers/STM32F1xx_HAL_Driver/Src/stm32f1xx_hal_uart.o
 .text.memset   0x080059f8       0x10 C:/ST/STM32CubeIDE_1.15.1/STM32CubeIDE/plugins/com.st.stm32cube.ide.mcu.externaltools.gnu-tools-for-stm32.12.3.rel1.win32_1.0.100.202403111256/tools/bin/../lib/gcc/arm-none-eabi/12.3.1/../../../../arm-none-eabi/lib/thumb/v7-m/nofp\libc_nano.a(libc_a-memset.o)
                0x080059f8                memset
 .text.__libc_init_array
                0x08005a08       0x48 C:/ST/STM32CubeIDE_1.15.1/STM32CubeIDE/plugins/com.st.stm32cube.ide.mcu.externaltools.gnu-tools-for-stm32.12.3.rel1.win32_1.0.100.202403111256/tools/bin/../lib/gcc/arm-none-eabi/12.3.1/../../../../arm-none-eabi/lib/thumb/v7-m/nofp\libc_nano.a(libc_a-init.o)
                0x08005a08                __libc_init_array
 *(.glue_7)
 .glue_7        0x08005a50        0x0 linker stubs
 *(.glue_7t)
 .glue_7t       0x08005a50        0x0 linker stubs
 *(.eh_frame)
 .eh_frame      0x08005a50        0x0 C:/ST/STM32CubeIDE_1.15.1/STM32CubeIDE/plugins/com.st.stm32cube.ide.mcu.externaltools.gnu-tools-for-stm32.12.3.rel1.win32_1.0.100.202403111256/tools/bin/../lib/gcc/arm-none-eabi/12.3.1/thumb/v7-m/nofp/crtbegin.o
 *(.init)
 .init          0x08005a50        0x4 C:/ST/STM32CubeIDE_1.15.1/STM32CubeIDE/plugins/com.st.stm32cube.ide.mcu.externaltools.gnu-tools-for-stm32.12.3.rel1.win32_1.0.100.202403111256/tools/bin/../lib/gcc/arm-none-eabi/12.3.1/thumb/v7-m/nofp/crti.o
                0x08005a50                _init
 .init          0x08005a54        0x8 C:/ST/STM32CubeIDE_1.15.1/STM32CubeIDE/plugins/com.st.stm32cube.ide.mcu.externaltools.gnu-tools-for-stm32.12.3.rel1.win32_1.0.100.202403111256/tools/bin/../lib/gcc/arm-none-eabi/12.3.1/thumb/v7-m/nofp/crtn.o
 *(.fini)
 .fini          0x08005a5c        0x4 C:/ST/STM32CubeIDE_1.15.1/STM32CubeIDE/plugins/com.st.stm32cube.ide.mcu.externaltools.gnu-tools-for-stm32.12.3.rel1.win32_1.0.100.202403111256/tools/bin/../lib/gcc/arm-none-eabi/12.3.1/thumb/v7-m/nofp/crti.o
                0x08005a5c                _fini
 .fini          0x08005a60        0x8 C:/ST/STM32CubeIDE_1.15.1/STM32CubeIDE/plugins/com.st.stm32cube.ide.mcu.externaltools.gnu-tools-for-stm32.12.3.rel1.win32_1.0.100.202403111256/tools/bin/../lib/gcc/arm-none-eabi/12.3.1/thumb/v7-m/nofp/crtn.o
                0x08005a68                        . = ALIGN (0x4)
                0x08005a68                        _etext = .

.vfp11_veneer   0x08005a68        0x0
 .vfp11_veneer  0x08005a68        0x0 linker stubs

.v4_bx          0x08005a68        0x0
 .v4_bx         0x08005a68        0x0 linker stubs

.iplt           0x08005a68        0x0
 .iplt          0x08005a68        0x0 C:/ST/STM32CubeIDE_1.15.1/STM32CubeIDE/plugins/com.st.stm32cube.ide.mcu.externaltools.gnu-tools-for-stm32.12.3.rel1.win32_1.0.100.202403111256/tools/bin/../lib/gcc/arm-none-eabi/12.3.1/thumb/v7-m/nofp/crtbegin.o

.rodata         0x08005a68       0x2c
                0x08005a68                        . = ALIGN (0x4)
 *(.rodata)
 *(.rodata*)
 .rodata.AHBPrescTable
                0x08005a68       0x10 ./Core/Src/system_stm32f1xx.o
                0x08005a68                AHBPrescTable
 .rodata.APBPrescTable
                0x08005a78        0x8 ./Core/Src/system_stm32f1xx.o
                0x08005a78                APBPrescTable
 .rodata.aPLLMULFactorTable.1
                0x08005a80       0x10 ./Drivers/STM32F1xx_HAL_Driver/Src/stm32f1xx_hal_rcc.o
 .rodata.aPredivFactorTable.0
                0x08005a90        0x2 ./Drivers/STM32F1xx_HAL_Driver/Src/stm32f1xx_hal_rcc.o
                0x08005a94                        . = ALIGN (0x4)
 *fill*         0x08005a92        0x2 

.ARM.extab      0x08005a94        0x0
                0x08005a94                        . = ALIGN (0x4)
 *(.ARM.extab* .gnu.linkonce.armextab.*)
                0x08005a94                        . = ALIGN (0x4)

.ARM            0x08005a94        0x0
                0x08005a94                        . = ALIGN (0x4)
                0x08005a94                        __exidx_start = .
 *(.ARM.exidx*)
                0x08005a94                        __exidx_end = .
                0x08005a94                        . = ALIGN (0x4)

.preinit_array  0x08005a94        0x0
                0x08005a94                        . = ALIGN (0x4)
                0x08005a94                        PROVIDE (__preinit_array_start = .)
 *(.preinit_array*)
                0x08005a94                        PROVIDE (__preinit_array_end = .)
                0x08005a94                        . = ALIGN (0x4)

.init_array     0x08005a94        0x4
                0x08005a94                        . = ALIGN (0x4)
                0x08005a94                        PROVIDE (__init_array_start = .)
 *(SORT_BY_NAME(.init_array.*))
 *(.init_array*)
 .init_array    0x08005a94        0x4 C:/ST/STM32CubeIDE_1.15.1/STM32CubeIDE/plugins/com.st.stm32cube.ide.mcu.externaltools.gnu-tools-for-stm32.12.3.rel1.win32_1.0.100.202403111256/tools/bin/../lib/gcc/arm-none-eabi/12.3.1/thumb/v7-m/nofp/crtbegin.o
                0x08005a98                        PROVIDE (__init_array_end = .)
                0x08005a98                        . = ALIGN (0x4)

.fini_array     0x08005a98        0x4
                0x08005a98                        . = ALIGN (0x4)
                [!provide]                        PROVIDE (__fini_array_start = .)
 *(SORT_BY_NAME(.fini_array.*))
 *(.fini_array*)
 .fini_array    0x08005a98        0x4 C:/ST/STM32CubeIDE_1.15.1/STM32CubeIDE/plugins/com.st.stm32cube.ide.mcu.externaltools.gnu-tools-for-stm32.12.3.rel1.win32_1.0.100.202403111256/tools/bin/../lib/gcc/arm-none-eabi/12.3.1/thumb/v7-m/nofp/crtbegin.o
                [!provide]                        PROVIDE (__fini_array_end = .)
                0x08005a9c                        . = ALIGN (0x4)
                0x08005a9c                        _sidata = LOADADDR (.data)

.rel.dyn        0x08005a9c        0x0
 .rel.iplt      0x08005a9c        0x0 C:/ST/STM32CubeIDE_1.15.1/STM32CubeIDE/plugins/com.st.stm32cube.ide.mcu.externaltools.gnu-tools-for-stm32.12.3.rel1.win32_1.0.100.202403111256/tools/bin/../lib/gcc/arm-none-eabi/12.3.1/thumb/v7-m/nofp/crtbegin.o

.data           0x20000000       0x10 load address 0x08005a9c
                0x20000000                        . = ALIGN (0x4)
                0x20000000                        _sdata = .
 *(.data)
 *(.data*)
 .data.size     0x20000000        0x4 ./Core/Src/read.o
                0x20000000                size
 .data.SystemCoreClock
                0x20000004        0x4 ./Core/Src/system_stm32f1xx.o
                0x20000004                SystemCoreClock
 .data.uwTickPrio
                0x20000008        0x4 ./Drivers/STM32F1xx_HAL_Driver/Src/stm32f1xx_hal.o
                0x20000008                uwTickPrio
 .data.uwTickFreq
                0x2000000c        0x1 ./Drivers/STM32F1xx_HAL_Driver/Src/stm32f1xx_hal.o
                0x2000000c                uwTickFreq
 *(.RamFunc)
 *(.RamFunc*)
                0x20000010                        . = ALIGN (0x4)
 *fill*         0x2000000d        0x3 
                0x20000010                        _edata = .

.igot.plt       0x20000010        0x0 load address 0x08005aac
 .igot.plt      0x20000010        0x0 C:/ST/STM32CubeIDE_1.15.1/STM32CubeIDE/plugins/com.st.stm32cube.ide.mcu.externaltools.gnu-tools-for-stm32.12.3.rel1.win32_1.0.100.202403111256/tools/bin/../lib/gcc/arm-none-eabi/12.3.1/thumb/v7-m/nofp/crtbegin.o
                0x20000010                        . = ALIGN (0x4)

.bss            0x20000010      0x37c load address 0x08005aac
                0x20000010                        _sbss = .
                0x20000010                        __bss_start__ = _sbss
 *(.bss)
 .bss           0x20000010       0x1c C:/ST/STM32CubeIDE_1.15.1/STM32CubeIDE/plugins/com.st.stm32cube.ide.mcu.externaltools.gnu-tools-for-stm32.12.3.rel1.win32_1.0.100.202403111256/tools/bin/../lib/gcc/arm-none-eabi/12.3.1/thumb/v7-m/nofp/crtbegin.o
 *(.bss*)
 .bss.RPM1      0x2000002c        0x4 ./Core/Src/main.o
                0x2000002c                RPM1
 .bss.RPM2      0x20000030        0x4 ./Core/Src/main.o
                0x20000030                RPM2
 .bss.Is_First_Captured1
                0x20000034        0x4 ./Core/Src/main.o
                0x20000034                Is_First_Captured1
 .bss.Is_First_Captured2
                0x20000038        0x4 ./Core/Src/main.o
                0x20000038                Is_First_Captured2
 .bss.IC_Val1   0x2000003c        0x4 ./Core/Src/main.o
                0x2000003c                IC_Val1
 .bss.IC_Val2   0x20000040        0x4 ./Core/Src/main.o
                0x20000040                IC_Val2
 .bss.Difference1
                0x20000044        0x4 ./Core/Src/main.o
                0x20000044                Difference1
 .bss.IC_Val3   0x20000048        0x4 ./Core/Src/main.o
                0x20000048                IC_Val3
 .bss.IC_Val4   0x2000004c        0x4 ./Core/Src/main.o
                0x2000004c                IC_Val4
 .bss.Difference2
                0x20000050        0x4 ./Core/Src/main.o
                0x20000050                Difference2
 .bss.frequency1
                0x20000054        0x4 ./Core/Src/main.o
                0x20000054                frequency1
 .bss.frequency2
                0x20000058        0x4 ./Core/Src/main.o
                0x20000058                frequency2
 .bss.htim1     0x2000005c       0x48 ./Core/Src/main.o
                0x2000005c                htim1
 .bss.htim2     0x200000a4       0x48 ./Core/Src/main.o
                0x200000a4                htim2
 .bss.htim3     0x200000ec       0x48 ./Core/Src/main.o
                0x200000ec                htim3
 .bss.htim5     0x20000134       0x48 ./Core/Src/main.o
                0x20000134                htim5
 .bss.htim6     0x2000017c       0x48 ./Core/Src/main.o
                0x2000017c                htim6
 .bss.huart1    0x200001c4       0x48 ./Core/Src/main.o
                0x200001c4                huart1
 .bss.read1_out
                0x2000020c        0x4 ./Core/Src/read.o
                0x2000020c                read1_out
 .bss.read2_out
                0x20000210        0x4 ./Core/Src/read.o
                0x20000210                read2_out
 .bss.read3_out
                0x20000214        0x4 ./Core/Src/read.o
                0x20000214                read3_out
 .bss.read4_out
                0x20000218        0x4 ./Core/Src/read.o
                0x20000218                read4_out
 .bss.read9_out
                0x2000021c        0x4 ./Core/Src/read.o
                0x2000021c                read9_out
 .bss.array_read_ch1
                0x20000220       0x28 ./Core/Src/read.o
                0x20000220                array_read_ch1
 .bss.array_read_ch2
                0x20000248       0x28 ./Core/Src/read.o
                0x20000248                array_read_ch2
 .bss.array_read_ch5
                0x20000270       0x28 ./Core/Src/read.o
                0x20000270                array_read_ch5
 .bss.read2_check
                0x20000298        0x4 ./Core/Src/read.o
                0x20000298                read2_check
 .bss.flag_tim6
                0x2000029c        0x4 ./Core/Src/read.o
                0x2000029c                flag_tim6
 .bss.Read_ss1  0x200002a0        0x4 ./Core/Src/read.o
                0x200002a0                Read_ss1
 .bss.Read_ss2  0x200002a4        0x4 ./Core/Src/read.o
                0x200002a4                Read_ss2
 .bss.Read_ss3  0x200002a8        0x4 ./Core/Src/read.o
                0x200002a8                Read_ss3
 .bss.Read_ss4  0x200002ac        0x4 ./Core/Src/read.o
                0x200002ac                Read_ss4
 .bss.save      0x200002b0        0x4 ./Core/Src/read.o
                0x200002b0                save
 .bss.val       0x200002b4        0x4 ./Core/Src/read.o
                0x200002b4                val
 .bss.DIR       0x200002b8        0x4 ./Core/Src/read.o
                0x200002b8                DIR
 .bss.run       0x200002bc        0x4 ./Core/Src/read.o
                0x200002bc                run
 .bss.change    0x200002c0        0x4 ./Core/Src/read.o
                0x200002c0                change
 .bss.lock_ss   0x200002c4        0x4 ./Core/Src/read.o
                0x200002c4                lock_ss
 .bss.count_ch1
                0x200002c8        0x4 ./Core/Src/read.o
                0x200002c8                count_ch1
 .bss.count_ch2
                0x200002cc        0x4 ./Core/Src/read.o
                0x200002cc                count_ch2
 .bss.count_ch5
                0x200002d0        0x4 ./Core/Src/read.o
                0x200002d0                count_ch5
 .bss.Def       0x200002d4        0x4 ./Core/Src/read.o
                0x200002d4                Def
 .bss.read_1    0x200002d8       0x10 ./Core/Src/read.o
                0x200002d8                read_1
 .bss.read_2    0x200002e8       0x10 ./Core/Src/read.o
                0x200002e8                read_2
 .bss.read_3    0x200002f8       0x10 ./Core/Src/read.o
                0x200002f8                read_3
 .bss.read_4    0x20000308       0x10 ./Core/Src/read.o
                0x20000308                read_4
 .bss.read_5    0x20000318       0x10 ./Core/Src/read.o
                0x20000318                read_5
 .bss.read_6    0x20000328       0x10 ./Core/Src/read.o
                0x20000328                read_6
 .bss.read_7    0x20000338       0x10 ./Core/Src/read.o
                0x20000338                read_7
 .bss.read_8    0x20000348       0x10 ./Core/Src/read.o
                0x20000348                read_8
 .bss.read_9    0x20000358       0x10 ./Core/Src/read.o
                0x20000358                read_9
 .bss.read_10   0x20000368       0x10 ./Core/Src/read.o
                0x20000368                read_10
 .bss.read_11   0x20000378       0x10 ./Core/Src/read.o
                0x20000378                read_11
 .bss.uwTick    0x20000388        0x4 ./Drivers/STM32F1xx_HAL_Driver/Src/stm32f1xx_hal.o
                0x20000388                uwTick
 *(COMMON)
                0x2000038c                        . = ALIGN (0x4)
                0x2000038c                        _ebss = .
                0x2000038c                        __bss_end__ = _ebss

._user_heap_stack
                0x2000038c      0x604 load address 0x08005aac
                0x20000390                        . = ALIGN (0x8)
 *fill*         0x2000038c        0x4 
                [!provide]                        PROVIDE (end = .)
                0x20000390                        PROVIDE (_end = .)
                0x20000590                        . = (. + _Min_Heap_Size)
 *fill*         0x20000390      0x200 
                0x20000990                        . = (. + _Min_Stack_Size)
 *fill*         0x20000590      0x400 
                0x20000990                        . = ALIGN (0x8)

/DISCARD/
 libc.a(*)
 libm.a(*)
 libgcc.a(*)

.ARM.attributes
                0x00000000       0x29
 *(.ARM.attributes)
 .ARM.attributes
                0x00000000       0x1d C:/ST/STM32CubeIDE_1.15.1/STM32CubeIDE/plugins/com.st.stm32cube.ide.mcu.externaltools.gnu-tools-for-stm32.12.3.rel1.win32_1.0.100.202403111256/tools/bin/../lib/gcc/arm-none-eabi/12.3.1/thumb/v7-m/nofp/crti.o
 .ARM.attributes
                0x0000001d       0x2d C:/ST/STM32CubeIDE_1.15.1/STM32CubeIDE/plugins/com.st.stm32cube.ide.mcu.externaltools.gnu-tools-for-stm32.12.3.rel1.win32_1.0.100.202403111256/tools/bin/../lib/gcc/arm-none-eabi/12.3.1/thumb/v7-m/nofp/crtbegin.o
 .ARM.attributes
                0x0000004a       0x2d ./Core/Src/main.o
 .ARM.attributes
                0x00000077       0x2d ./Core/Src/read.o
 .ARM.attributes
                0x000000a4       0x2d ./Core/Src/stm32f1xx_hal_msp.o
 .ARM.attributes
                0x000000d1       0x2d ./Core/Src/stm32f1xx_it.o
 .ARM.attributes
                0x000000fe       0x2d ./Core/Src/system_stm32f1xx.o
 .ARM.attributes
                0x0000012b       0x21 ./Core/Startup/startup_stm32f103vetx.o
 .ARM.attributes
                0x0000014c       0x2d ./Drivers/STM32F1xx_HAL_Driver/Src/stm32f1xx_hal.o
 .ARM.attributes
                0x00000179       0x2d ./Drivers/STM32F1xx_HAL_Driver/Src/stm32f1xx_hal_cortex.o
 .ARM.attributes
                0x000001a6       0x2d ./Drivers/STM32F1xx_HAL_Driver/Src/stm32f1xx_hal_gpio.o
 .ARM.attributes
                0x000001d3       0x2d ./Drivers/STM32F1xx_HAL_Driver/Src/stm32f1xx_hal_rcc.o
 .ARM.attributes
                0x00000200       0x2d ./Drivers/STM32F1xx_HAL_Driver/Src/stm32f1xx_hal_tim.o
 .ARM.attributes
                0x0000022d       0x2d ./Drivers/STM32F1xx_HAL_Driver/Src/stm32f1xx_hal_tim_ex.o
 .ARM.attributes
                0x0000025a       0x2d ./Drivers/STM32F1xx_HAL_Driver/Src/stm32f1xx_hal_uart.o
 .ARM.attributes
                0x00000287       0x2d C:/ST/STM32CubeIDE_1.15.1/STM32CubeIDE/plugins/com.st.stm32cube.ide.mcu.externaltools.gnu-tools-for-stm32.12.3.rel1.win32_1.0.100.202403111256/tools/bin/../lib/gcc/arm-none-eabi/12.3.1/../../../../arm-none-eabi/lib/thumb/v7-m/nofp\libc_nano.a(libc_a-memset.o)
 .ARM.attributes
                0x000002b4       0x2d C:/ST/STM32CubeIDE_1.15.1/STM32CubeIDE/plugins/com.st.stm32cube.ide.mcu.externaltools.gnu-tools-for-stm32.12.3.rel1.win32_1.0.100.202403111256/tools/bin/../lib/gcc/arm-none-eabi/12.3.1/../../../../arm-none-eabi/lib/thumb/v7-m/nofp\libc_nano.a(libc_a-init.o)
 .ARM.attributes
                0x000002e1       0x1d C:/ST/STM32CubeIDE_1.15.1/STM32CubeIDE/plugins/com.st.stm32cube.ide.mcu.externaltools.gnu-tools-for-stm32.12.3.rel1.win32_1.0.100.202403111256/tools/bin/../lib/gcc/arm-none-eabi/12.3.1/thumb/v7-m/nofp/crtn.o
OUTPUT(Spixel_V1.0.elf elf32-littlearm)
LOAD linker stubs
LOAD C:/ST/STM32CubeIDE_1.15.1/STM32CubeIDE/plugins/com.st.stm32cube.ide.mcu.externaltools.gnu-tools-for-stm32.12.3.rel1.win32_1.0.100.202403111256/tools/bin/../lib/gcc/arm-none-eabi/12.3.1/../../../../arm-none-eabi/lib/thumb/v7-m/nofp\libc.a
LOAD C:/ST/STM32CubeIDE_1.15.1/STM32CubeIDE/plugins/com.st.stm32cube.ide.mcu.externaltools.gnu-tools-for-stm32.12.3.rel1.win32_1.0.100.202403111256/tools/bin/../lib/gcc/arm-none-eabi/12.3.1/../../../../arm-none-eabi/lib/thumb/v7-m/nofp\libm.a
LOAD C:/ST/STM32CubeIDE_1.15.1/STM32CubeIDE/plugins/com.st.stm32cube.ide.mcu.externaltools.gnu-tools-for-stm32.12.3.rel1.win32_1.0.100.202403111256/tools/bin/../lib/gcc/arm-none-eabi/12.3.1/thumb/v7-m/nofp\libgcc.a

.debug_info     0x00000000     0xc982
 .debug_info    0x00000000     0x14a1 ./Core/Src/main.o
 .debug_info    0x000014a1      0xfc0 ./Core/Src/read.o
 .debug_info    0x00002461      0xeb5 ./Core/Src/stm32f1xx_hal_msp.o
 .debug_info    0x00003316      0x762 ./Core/Src/stm32f1xx_it.o
 .debug_info    0x00003a78      0x222 ./Core/Src/system_stm32f1xx.o
 .debug_info    0x00003c9a       0x30 ./Core/Startup/startup_stm32f103vetx.o
 .debug_info    0x00003cca      0x76a ./Drivers/STM32F1xx_HAL_Driver/Src/stm32f1xx_hal.o
 .debug_info    0x00004434      0xaed ./Drivers/STM32F1xx_HAL_Driver/Src/stm32f1xx_hal_cortex.o
 .debug_info    0x00004f21      0x5ab ./Drivers/STM32F1xx_HAL_Driver/Src/stm32f1xx_hal_gpio.o
 .debug_info    0x000054cc      0x7d5 ./Drivers/STM32F1xx_HAL_Driver/Src/stm32f1xx_hal_rcc.o
 .debug_info    0x00005ca1     0x2959 ./Drivers/STM32F1xx_HAL_Driver/Src/stm32f1xx_hal_tim.o
 .debug_info    0x000085fa     0x149b ./Drivers/STM32F1xx_HAL_Driver/Src/stm32f1xx_hal_tim_ex.o
 .debug_info    0x00009a95     0x2eed ./Drivers/STM32F1xx_HAL_Driver/Src/stm32f1xx_hal_uart.o

.debug_abbrev   0x00000000     0x1cab
 .debug_abbrev  0x00000000      0x30a ./Core/Src/main.o
 .debug_abbrev  0x0000030a      0x2f6 ./Core/Src/read.o
 .debug_abbrev  0x00000600      0x21e ./Core/Src/stm32f1xx_hal_msp.o
 .debug_abbrev  0x0000081e      0x1c3 ./Core/Src/stm32f1xx_it.o
 .debug_abbrev  0x000009e1      0x13f ./Core/Src/system_stm32f1xx.o
 .debug_abbrev  0x00000b20       0x24 ./Core/Startup/startup_stm32f103vetx.o
 .debug_abbrev  0x00000b44      0x201 ./Drivers/STM32F1xx_HAL_Driver/Src/stm32f1xx_hal.o
 .debug_abbrev  0x00000d45      0x2f8 ./Drivers/STM32F1xx_HAL_Driver/Src/stm32f1xx_hal_cortex.o
 .debug_abbrev  0x0000103d      0x1ca ./Drivers/STM32F1xx_HAL_Driver/Src/stm32f1xx_hal_gpio.o
 .debug_abbrev  0x00001207      0x2b3 ./Drivers/STM32F1xx_HAL_Driver/Src/stm32f1xx_hal_rcc.o
 .debug_abbrev  0x000014ba      0x277 ./Drivers/STM32F1xx_HAL_Driver/Src/stm32f1xx_hal_tim.o
 .debug_abbrev  0x00001731      0x282 ./Drivers/STM32F1xx_HAL_Driver/Src/stm32f1xx_hal_tim_ex.o
 .debug_abbrev  0x000019b3      0x2f8 ./Drivers/STM32F1xx_HAL_Driver/Src/stm32f1xx_hal_uart.o

.debug_aranges  0x00000000      0xc18
 .debug_aranges
                0x00000000       0x80 ./Core/Src/main.o
 .debug_aranges
                0x00000080       0x50 ./Core/Src/read.o
 .debug_aranges
                0x000000d0       0x48 ./Core/Src/stm32f1xx_hal_msp.o
 .debug_aranges
                0x00000118       0xa8 ./Core/Src/stm32f1xx_it.o
 .debug_aranges
                0x000001c0       0x28 ./Core/Src/system_stm32f1xx.o
 .debug_aranges
                0x000001e8       0x28 ./Core/Startup/startup_stm32f103vetx.o
 .debug_aranges
                0x00000210       0xe0 ./Drivers/STM32F1xx_HAL_Driver/Src/stm32f1xx_hal.o
 .debug_aranges
                0x000002f0      0x100 ./Drivers/STM32F1xx_HAL_Driver/Src/stm32f1xx_hal_cortex.o
 .debug_aranges
                0x000003f0       0x58 ./Drivers/STM32F1xx_HAL_Driver/Src/stm32f1xx_hal_gpio.o
 .debug_aranges
                0x00000448       0x90 ./Drivers/STM32F1xx_HAL_Driver/Src/stm32f1xx_hal_rcc.o
 .debug_aranges
                0x000004d8      0x3d0 ./Drivers/STM32F1xx_HAL_Driver/Src/stm32f1xx_hal_tim.o
 .debug_aranges
                0x000008a8      0x168 ./Drivers/STM32F1xx_HAL_Driver/Src/stm32f1xx_hal_tim_ex.o
 .debug_aranges
                0x00000a10      0x208 ./Drivers/STM32F1xx_HAL_Driver/Src/stm32f1xx_hal_uart.o

.debug_rnglists
                0x00000000      0x986
 .debug_rnglists
                0x00000000       0x64 ./Core/Src/main.o
 .debug_rnglists
                0x00000064       0x3d ./Core/Src/read.o
 .debug_rnglists
                0x000000a1       0x35 ./Core/Src/stm32f1xx_hal_msp.o
 .debug_rnglists
                0x000000d6       0x79 ./Core/Src/stm32f1xx_it.o
 .debug_rnglists
                0x0000014f       0x1a ./Core/Src/system_stm32f1xx.o
 .debug_rnglists
                0x00000169       0x19 ./Core/Startup/startup_stm32f103vetx.o
 .debug_rnglists
                0x00000182       0xa3 ./Drivers/STM32F1xx_HAL_Driver/Src/stm32f1xx_hal.o
 .debug_rnglists
                0x00000225       0xbb ./Drivers/STM32F1xx_HAL_Driver/Src/stm32f1xx_hal_cortex.o
 .debug_rnglists
                0x000002e0       0x3f ./Drivers/STM32F1xx_HAL_Driver/Src/stm32f1xx_hal_gpio.o
 .debug_rnglists
                0x0000031f       0x6c ./Drivers/STM32F1xx_HAL_Driver/Src/stm32f1xx_hal_rcc.o
 .debug_rnglists
                0x0000038b      0x31a ./Drivers/STM32F1xx_HAL_Driver/Src/stm32f1xx_hal_tim.o
 .debug_rnglists
                0x000006a5      0x125 ./Drivers/STM32F1xx_HAL_Driver/Src/stm32f1xx_hal_tim_ex.o
 .debug_rnglists
                0x000007ca      0x1bc ./Drivers/STM32F1xx_HAL_Driver/Src/stm32f1xx_hal_uart.o

.debug_macro    0x00000000    0x19d42
 .debug_macro   0x00000000      0x267 ./Core/Src/main.o
 .debug_macro   0x00000267      0xaa8 ./Core/Src/main.o
 .debug_macro   0x00000d0f      0x21b ./Core/Src/main.o
 .debug_macro   0x00000f2a       0x2e ./Core/Src/main.o
 .debug_macro   0x00000f58       0x22 ./Core/Src/main.o
 .debug_macro   0x00000f7a       0x22 ./Core/Src/main.o
 .debug_macro   0x00000f9c       0x8e ./Core/Src/main.o
 .debug_macro   0x0000102a       0x51 ./Core/Src/main.o
 .debug_macro   0x0000107b      0x103 ./Core/Src/main.o
 .debug_macro   0x0000117e       0x6a ./Core/Src/main.o
 .debug_macro   0x000011e8      0x1df ./Core/Src/main.o
 .debug_macro   0x000013c7       0x1c ./Core/Src/main.o
 .debug_macro   0x000013e3       0x22 ./Core/Src/main.o
 .debug_macro   0x00001405       0xbd ./Core/Src/main.o
 .debug_macro   0x000014c2      0xd23 ./Core/Src/main.o
 .debug_macro   0x000021e5     0xfd8c ./Core/Src/main.o
 .debug_macro   0x00011f71       0x6d ./Core/Src/main.o
 .debug_macro   0x00011fde     0x34a2 ./Core/Src/main.o
 .debug_macro   0x00015480      0x189 ./Core/Src/main.o
 .debug_macro   0x00015609       0x5c ./Core/Src/main.o
 .debug_macro   0x00015665      0x5bc ./Core/Src/main.o
 .debug_macro   0x00015c21      0x4d5 ./Core/Src/main.o
 .debug_macro   0x000160f6      0x1cb ./Core/Src/main.o
 .debug_macro   0x000162c1      0x114 ./Core/Src/main.o
 .debug_macro   0x000163d5      0x1ea ./Core/Src/main.o
 .debug_macro   0x000165bf       0x27 ./Core/Src/main.o
 .debug_macro   0x000165e6      0x144 ./Core/Src/main.o
 .debug_macro   0x0001672a      0x1bc ./Core/Src/main.o
 .debug_macro   0x000168e6       0x30 ./Core/Src/main.o
 .debug_macro   0x00016916       0x3c ./Core/Src/main.o
 .debug_macro   0x00016952       0x57 ./Core/Src/main.o
 .debug_macro   0x000169a9       0x87 ./Core/Src/main.o
 .debug_macro   0x00016a30      0x24f ./Core/Src/main.o
 .debug_macro   0x00016c7f      0x140 ./Core/Src/main.o
 .debug_macro   0x00016dbf      0x8ed ./Core/Src/main.o
 .debug_macro   0x000176ac      0x28e ./Core/Src/main.o
 .debug_macro   0x0001793a       0xb5 ./Core/Src/main.o
 .debug_macro   0x000179ef      0x215 ./Core/Src/main.o
 .debug_macro   0x00017c04       0x61 ./Core/Src/main.o
 .debug_macro   0x00017c65       0x24 ./Core/Src/main.o
 .debug_macro   0x00017c89       0x43 ./Core/Src/main.o
 .debug_macro   0x00017ccc       0x34 ./Core/Src/main.o
 .debug_macro   0x00017d00       0x16 ./Core/Src/main.o
 .debug_macro   0x00017d16       0x43 ./Core/Src/main.o
 .debug_macro   0x00017d59       0x34 ./Core/Src/main.o
 .debug_macro   0x00017d8d       0x10 ./Core/Src/main.o
 .debug_macro   0x00017d9d       0x58 ./Core/Src/main.o
 .debug_macro   0x00017df5       0x8e ./Core/Src/main.o
 .debug_macro   0x00017e83       0x1c ./Core/Src/main.o
 .debug_macro   0x00017e9f      0x177 ./Core/Src/main.o
 .debug_macro   0x00018016      0x369 ./Core/Src/main.o
 .debug_macro   0x0001837f      0x19b ./Core/Src/main.o
 .debug_macro   0x0001851a      0x2c2 ./Core/Src/read.o
 .debug_macro   0x000187dc      0x21b ./Core/Src/read.o
 .debug_macro   0x000189f7       0x16 ./Core/Src/read.o
 .debug_macro   0x00018a0d       0x35 ./Core/Src/read.o
 .debug_macro   0x00018a42       0x10 ./Core/Src/read.o
 .debug_macro   0x00018a52       0x16 ./Core/Src/read.o
 .debug_macro   0x00018a68       0x16 ./Core/Src/read.o
 .debug_macro   0x00018a7e      0x146 ./Core/Src/read.o
 .debug_macro   0x00018bc4       0x16 ./Core/Src/read.o
 .debug_macro   0x00018bda       0x16 ./Core/Src/read.o
 .debug_macro   0x00018bf0       0x29 ./Core/Src/read.o
 .debug_macro   0x00018c19      0x1b2 ./Core/Src/stm32f1xx_hal_msp.o
 .debug_macro   0x00018dcb      0x1bc ./Core/Src/stm32f1xx_it.o
 .debug_macro   0x00018f87      0x1a3 ./Core/Src/system_stm32f1xx.o
 .debug_macro   0x0001912a      0x1c7 ./Drivers/STM32F1xx_HAL_Driver/Src/stm32f1xx_hal.o
 .debug_macro   0x000192f1      0x1a3 ./Drivers/STM32F1xx_HAL_Driver/Src/stm32f1xx_hal_cortex.o
 .debug_macro   0x00019494      0x20e ./Drivers/STM32F1xx_HAL_Driver/Src/stm32f1xx_hal_gpio.o
 .debug_macro   0x000196a2      0x1b5 ./Drivers/STM32F1xx_HAL_Driver/Src/stm32f1xx_hal_rcc.o
 .debug_macro   0x00019857      0x1a4 ./Drivers/STM32F1xx_HAL_Driver/Src/stm32f1xx_hal_tim.o
 .debug_macro   0x000199fb      0x1a3 ./Drivers/STM32F1xx_HAL_Driver/Src/stm32f1xx_hal_tim_ex.o
 .debug_macro   0x00019b9e      0x1a4 ./Drivers/STM32F1xx_HAL_Driver/Src/stm32f1xx_hal_uart.o

.debug_line     0x00000000     0xe4e0
 .debug_line    0x00000000      0xd75 ./Core/Src/main.o
 .debug_line    0x00000d75     0x17f8 ./Core/Src/read.o
 .debug_line    0x0000256d      0x870 ./Core/Src/stm32f1xx_hal_msp.o
 .debug_line    0x00002ddd      0x8a8 ./Core/Src/stm32f1xx_it.o
 .debug_line    0x00003685      0x783 ./Core/Src/system_stm32f1xx.o
 .debug_line    0x00003e08       0x79 ./Core/Startup/startup_stm32f103vetx.o
 .debug_line    0x00003e81      0x9b0 ./Drivers/STM32F1xx_HAL_Driver/Src/stm32f1xx_hal.o
 .debug_line    0x00004831      0xb9c ./Drivers/STM32F1xx_HAL_Driver/Src/stm32f1xx_hal_cortex.o
 .debug_line    0x000053cd      0xa71 ./Drivers/STM32F1xx_HAL_Driver/Src/stm32f1xx_hal_gpio.o
 .debug_line    0x00005e3e      0xdb9 ./Drivers/STM32F1xx_HAL_Driver/Src/stm32f1xx_hal_rcc.o
 .debug_line    0x00006bf7     0x36f5 ./Drivers/STM32F1xx_HAL_Driver/Src/stm32f1xx_hal_tim.o
 .debug_line    0x0000a2ec     0x1965 ./Drivers/STM32F1xx_HAL_Driver/Src/stm32f1xx_hal_tim_ex.o
 .debug_line    0x0000bc51     0x288f ./Drivers/STM32F1xx_HAL_Driver/Src/stm32f1xx_hal_uart.o

.debug_str      0x00000000    0x99385
 .debug_str     0x00000000    0x964eb ./Core/Src/main.o
                              0x96afe (size before relaxing)
 .debug_str     0x000964eb      0x949 ./Core/Src/read.o
                              0x960b5 (size before relaxing)
 .debug_str     0x00096e34       0xde ./Core/Src/stm32f1xx_hal_msp.o
                              0x92d0d (size before relaxing)
 .debug_str     0x00096f12      0x181 ./Core/Src/stm32f1xx_it.o
                              0x92728 (size before relaxing)
 .debug_str     0x00097093       0x7e ./Core/Src/system_stm32f1xx.o
                              0x91a3e (size before relaxing)
 .debug_str     0x00097111       0x44 ./Core/Startup/startup_stm32f103vetx.o
                                 0x69 (size before relaxing)
 .debug_str     0x00097155      0x384 ./Drivers/STM32F1xx_HAL_Driver/Src/stm32f1xx_hal.o
                              0x92255 (size before relaxing)
 .debug_str     0x000974d9      0x294 ./Drivers/STM32F1xx_HAL_Driver/Src/stm32f1xx_hal_cortex.o
                              0x921a1 (size before relaxing)
 .debug_str     0x0009776d      0x297 ./Drivers/STM32F1xx_HAL_Driver/Src/stm32f1xx_hal_gpio.o
                              0x91dc4 (size before relaxing)
 .debug_str     0x00097a04      0x229 ./Drivers/STM32F1xx_HAL_Driver/Src/stm32f1xx_hal_rcc.o
                              0x91e6d (size before relaxing)
 .debug_str     0x00097c2d      0xc8f ./Drivers/STM32F1xx_HAL_Driver/Src/stm32f1xx_hal_tim.o
                              0x92e6f (size before relaxing)
 .debug_str     0x000988bc      0x493 ./Drivers/STM32F1xx_HAL_Driver/Src/stm32f1xx_hal_tim_ex.o
                              0x9267b (size before relaxing)
 .debug_str     0x00098d4f      0x636 ./Drivers/STM32F1xx_HAL_Driver/Src/stm32f1xx_hal_uart.o
                              0x924de (size before relaxing)

.comment        0x00000000       0x43
 .comment       0x00000000       0x43 ./Core/Src/main.o
                                 0x44 (size before relaxing)
 .comment       0x00000043       0x44 ./Core/Src/read.o
 .comment       0x00000043       0x44 ./Core/Src/stm32f1xx_hal_msp.o
 .comment       0x00000043       0x44 ./Core/Src/stm32f1xx_it.o
 .comment       0x00000043       0x44 ./Core/Src/system_stm32f1xx.o
 .comment       0x00000043       0x44 ./Drivers/STM32F1xx_HAL_Driver/Src/stm32f1xx_hal.o
 .comment       0x00000043       0x44 ./Drivers/STM32F1xx_HAL_Driver/Src/stm32f1xx_hal_cortex.o
 .comment       0x00000043       0x44 ./Drivers/STM32F1xx_HAL_Driver/Src/stm32f1xx_hal_gpio.o
 .comment       0x00000043       0x44 ./Drivers/STM32F1xx_HAL_Driver/Src/stm32f1xx_hal_rcc.o
 .comment       0x00000043       0x44 ./Drivers/STM32F1xx_HAL_Driver/Src/stm32f1xx_hal_tim.o
 .comment       0x00000043       0x44 ./Drivers/STM32F1xx_HAL_Driver/Src/stm32f1xx_hal_tim_ex.o
 .comment       0x00000043       0x44 ./Drivers/STM32F1xx_HAL_Driver/Src/stm32f1xx_hal_uart.o

.debug_frame    0x00000000     0x3264
 .debug_frame   0x00000000      0x1d0 ./Core/Src/main.o
 .debug_frame   0x000001d0      0x110 ./Core/Src/read.o
 .debug_frame   0x000002e0       0xec ./Core/Src/stm32f1xx_hal_msp.o
 .debug_frame   0x000003cc      0x200 ./Core/Src/stm32f1xx_it.o
 .debug_frame   0x000005cc       0x58 ./Core/Src/system_stm32f1xx.o
 .debug_frame   0x00000624      0x334 ./Drivers/STM32F1xx_HAL_Driver/Src/stm32f1xx_hal.o
 .debug_frame   0x00000958      0x428 ./Drivers/STM32F1xx_HAL_Driver/Src/stm32f1xx_hal_cortex.o
 .debug_frame   0x00000d80      0x14c ./Drivers/STM32F1xx_HAL_Driver/Src/stm32f1xx_hal_gpio.o
 .debug_frame   0x00000ecc      0x218 ./Drivers/STM32F1xx_HAL_Driver/Src/stm32f1xx_hal_rcc.o
 .debug_frame   0x000010e4     0x11b8 ./Drivers/STM32F1xx_HAL_Driver/Src/stm32f1xx_hal_tim.o
 .debug_frame   0x0000229c      0x638 ./Drivers/STM32F1xx_HAL_Driver/Src/stm32f1xx_hal_tim_ex.o
 .debug_frame   0x000028d4      0x944 ./Drivers/STM32F1xx_HAL_Driver/Src/stm32f1xx_hal_uart.o
 .debug_frame   0x00003218       0x20 C:/ST/STM32CubeIDE_1.15.1/STM32CubeIDE/plugins/com.st.stm32cube.ide.mcu.externaltools.gnu-tools-for-stm32.12.3.rel1.win32_1.0.100.202403111256/tools/bin/../lib/gcc/arm-none-eabi/12.3.1/../../../../arm-none-eabi/lib/thumb/v7-m/nofp\libc_nano.a(libc_a-memset.o)
 .debug_frame   0x00003238       0x2c C:/ST/STM32CubeIDE_1.15.1/STM32CubeIDE/plugins/com.st.stm32cube.ide.mcu.externaltools.gnu-tools-for-stm32.12.3.rel1.win32_1.0.100.202403111256/tools/bin/../lib/gcc/arm-none-eabi/12.3.1/../../../../arm-none-eabi/lib/thumb/v7-m/nofp\libc_nano.a(libc_a-init.o)

.debug_line_str
                0x00000000       0x4d
 .debug_line_str
                0x00000000       0x4d ./Core/Startup/startup_stm32f103vetx.o
