../Core/Src/main.c:78:6:HAL_GPIO_EXTI_Callback	20
../Core/Src/main.c:150:6:HAL_TIM_IC_CaptureCallback	9
../Core/Src/main.c:220:5:main	1
../Core/Src/main.c:289:6:SystemClock_Config	3
../Core/Src/main.c:329:13:MX_TIM1_Init	4
../Core/Src/main.c:375:13:MX_TIM2_Init	6
../Core/Src/main.c:433:13:MX_TIM3_Init	8
../Core/Src/main.c:500:13:MX_TIM5_Init	6
../Core/Src/main.c:558:13:MX_TIM6_Init	3
../Core/Src/main.c:596:13:MX_USART1_UART_Init	2
../Core/Src/main.c:629:13:MX_GPIO_Init	1
../Core/Src/main.c:761:6:HAL_TIM_PeriodElapsedCallback	2
../Core/Src/main.c:774:6:Error_Handler	1
