../Core/Src/main.c:69:6:HAL_GPIO_EXTI_Callback	16	static
../Core/Src/main.c:153:5:main	8	static
../Core/Src/main.c:219:6:SystemClock_Config	72	static
../Core/Src/main.c:259:13:MX_TIM1_Init	32	static
../Core/Src/main.c:305:13:MX_TIM2_Init	64	static
../Core/Src/main.c:372:13:MX_TIM3_Init	64	static
../Core/Src/main.c:439:13:MX_TIM6_Init	16	static
../Core/Src/main.c:477:13:MX_USART1_UART_Init	8	static
../Core/Src/main.c:510:13:MX_GPIO_Init	48	static
../Core/Src/main.c:636:6:Error_Handler	4	static,ignoring_inline_asm
