../Core/Src/main.c:77:6:HAL_GPIO_EXTI_Callback	16	static
../Core/Src/main.c:160:6:HAL_TIM_IC_CaptureCallback	16	static
../Core/Src/main.c:231:5:main	8	static
../Core/Src/main.c:304:6:SystemClock_Config	72	static
../Core/Src/main.c:344:13:MX_TIM1_Init	32	static
../Core/Src/main.c:390:13:MX_TIM2_Init	48	static
../Core/Src/main.c:448:13:MX_TIM3_Init	64	static
../Core/Src/main.c:515:13:MX_TIM5_Init	48	static
../Core/Src/main.c:573:13:MX_TIM6_Init	16	static
../Core/Src/main.c:611:13:MX_USART1_UART_Init	8	static
../Core/Src/main.c:644:13:MX_GPIO_Init	48	static
../Core/Src/main.c:776:6:HAL_TIM_PeriodElapsedCallback	16	static
../Core/Src/main.c:789:6:Error_Handler	4	static,ignoring_inline_asm
