../Core/Src/main.c:79:6:HAL_GPIO_EXTI_Callback	20
../Core/Src/main.c:151:6:HAL_TIM_IC_CaptureCallback	9
../Core/Src/main.c:221:5:main	2
../Core/Src/main.c:292:6:SystemClock_Config	3
../Core/Src/main.c:332:13:MX_TIM1_Init	4
../Core/Src/main.c:378:13:MX_TIM2_Init	6
../Core/Src/main.c:436:13:MX_TIM3_Init	8
../Core/Src/main.c:503:13:MX_TIM5_Init	6
../Core/Src/main.c:561:13:MX_TIM6_Init	3
../Core/Src/main.c:599:13:MX_USART1_UART_Init	2
../Core/Src/main.c:632:13:MX_GPIO_Init	1
../Core/Src/main.c:764:6:HAL_TIM_PeriodElapsedCallback	2
../Core/Src/main.c:777:6:Error_Handler	1
